Component: ARM Compiler 5.06 update 6 (build 750) Tool: armlink [4d35ed]

==============================================================================

Section Cross References

    startup_stm32f407xx.o(STACK) refers (Special) to heapauxi.o(.text) for __use_two_region_memory
    startup_stm32f407xx.o(HEAP) refers (Special) to heapauxi.o(.text) for __use_two_region_memory
    startup_stm32f407xx.o(RESET) refers (Special) to heapauxi.o(.text) for __use_two_region_memory
    startup_stm32f407xx.o(RESET) refers to startup_stm32f407xx.o(STACK) for __initial_sp
    startup_stm32f407xx.o(RESET) refers to startup_stm32f407xx.o(.text) for Reset_Handler
    startup_stm32f407xx.o(RESET) refers to stm32f4xx_it.o(i.NMI_Handler) for NMI_Handler
    startup_stm32f407xx.o(RESET) refers to stm32f4xx_it.o(i.HardFault_Handler) for HardFault_Handler
    startup_stm32f407xx.o(RESET) refers to stm32f4xx_it.o(i.MemManage_Handler) for MemManage_Handler
    startup_stm32f407xx.o(RESET) refers to stm32f4xx_it.o(i.BusFault_Handler) for BusFault_Handler
    startup_stm32f407xx.o(RESET) refers to stm32f4xx_it.o(i.UsageFault_Handler) for UsageFault_Handler
    startup_stm32f407xx.o(RESET) refers to stm32f4xx_it.o(i.SVC_Handler) for SVC_Handler
    startup_stm32f407xx.o(RESET) refers to stm32f4xx_it.o(i.DebugMon_Handler) for DebugMon_Handler
    startup_stm32f407xx.o(RESET) refers to stm32f4xx_it.o(i.PendSV_Handler) for PendSV_Handler
    startup_stm32f407xx.o(RESET) refers to stm32f4xx_it.o(i.SysTick_Handler) for SysTick_Handler
    startup_stm32f407xx.o(RESET) refers to stm32f4xx_it.o(i.TIM1_BRK_TIM9_IRQHandler) for TIM1_BRK_TIM9_IRQHandler
    startup_stm32f407xx.o(RESET) refers to stm32f4xx_it.o(i.TIM8_UP_TIM13_IRQHandler) for TIM8_UP_TIM13_IRQHandler
    startup_stm32f407xx.o(RESET) refers to stm32f4xx_it.o(i.TIM8_TRG_COM_TIM14_IRQHandler) for TIM8_TRG_COM_TIM14_IRQHandler
    startup_stm32f407xx.o(RESET) refers to stm32f4xx_it.o(i.DMA2_Stream0_IRQHandler) for DMA2_Stream0_IRQHandler
    startup_stm32f407xx.o(.text) refers (Special) to heapauxi.o(.text) for __use_two_region_memory
    startup_stm32f407xx.o(.text) refers to system_stm32f4xx.o(i.SystemInit) for SystemInit
    startup_stm32f407xx.o(.text) refers to __main.o(!!!main) for __main
    startup_stm32f407xx.o(.text) refers to startup_stm32f407xx.o(HEAP) for Heap_Mem
    startup_stm32f407xx.o(.text) refers to startup_stm32f407xx.o(STACK) for Stack_Mem
    lcd_character.o(i.lcd_Test) refers to stm32f4xx_hal_gpio.o(i.HAL_GPIO_WritePin) for HAL_GPIO_WritePin
    lcd_character.o(i.lcd_bin) refers to lcd_character.o(i.lcd_data) for lcd_data
    lcd_character.o(i.lcd_bin16) refers to lcd_character.o(i.lcd_data) for lcd_data
    lcd_character.o(i.lcd_bit) refers to lcd_character.o(i.lcd_data) for lcd_data
    lcd_character.o(i.lcd_clear) refers to lcd_character.o(i.lcd_cmd) for lcd_cmd
    lcd_character.o(i.lcd_clear) refers to lcd_character.o(i.wait_lcd) for wait_lcd
    lcd_character.o(i.lcd_cmd) refers to lcd_character.o(i.lcd_ins) for lcd_ins
    lcd_character.o(i.lcd_cmd) refers to lcd_character.o(i.wait_lcd) for wait_lcd
    lcd_character.o(i.lcd_data) refers to lcd_character.o(i.lcd_ins2) for lcd_ins2
    lcd_character.o(i.lcd_data) refers to lcd_character.o(i.wait_lcd) for wait_lcd
    lcd_character.o(i.lcd_en_clk) refers to stm32f4xx_hal_gpio.o(i.HAL_GPIO_WritePin) for HAL_GPIO_WritePin
    lcd_character.o(i.lcd_en_clk) refers to lcd_character.o(i.wait_lcd) for wait_lcd
    lcd_character.o(i.lcd_float6) refers to _printf_pad.o(.text) for _printf_pre_padding
    lcd_character.o(i.lcd_float6) refers to _printf_percent.o(.ARM.Collect$$_printf_percent$$00000000) for _printf_percent
    lcd_character.o(i.lcd_float6) refers to _printf_f.o(.ARM.Collect$$_printf_percent$$00000003) for _printf_f
    lcd_character.o(i.lcd_float6) refers to printf1.o(x$fpl$printf1) for _printf_fp_dec
    lcd_character.o(i.lcd_float6) refers to f2d.o(x$fpl$f2d) for __aeabi_f2d
    lcd_character.o(i.lcd_float6) refers to noretval__2sprintf.o(.text) for __2sprintf
    lcd_character.o(i.lcd_float6) refers to lcd_character.o(i.lcd_data) for lcd_data
    lcd_character.o(i.lcd_float6) refers to lcd_character.o(.data) for .data
    lcd_character.o(i.lcd_gotoxy) refers to stm32f4xx_hal_gpio.o(i.HAL_GPIO_WritePin) for HAL_GPIO_WritePin
    lcd_character.o(i.lcd_gotoxy) refers to lcd_character.o(i.lcd_cmd) for lcd_cmd
    lcd_character.o(i.lcd_hex) refers to lcd_character.o(i.lcd_data) for lcd_data
    lcd_character.o(i.lcd_hex16) refers to lcd_character.o(i.lcd_hex) for lcd_hex
    lcd_character.o(i.lcd_hex32) refers to lcd_character.o(i.lcd_hex16) for lcd_hex16
    lcd_character.o(i.lcd_hex8) refers to lcd_character.o(i.lcd_hex) for lcd_hex
    lcd_character.o(i.lcd_init) refers to stm32f4xx_hal_gpio.o(i.HAL_GPIO_Init) for HAL_GPIO_Init
    lcd_character.o(i.lcd_init) refers to stm32f4xx_hal_gpio.o(i.HAL_GPIO_WritePin) for HAL_GPIO_WritePin
[...]
    .ARM.Collect$$libshutdown$$00000000      0x0800021e   Section        2  libshutdown.o(.ARM.Collect$$libshutdown$$00000000)
    .ARM.Collect$$libshutdown$$00000002      0x08000220   Section        0  libshutdown2.o(.ARM.Collect$$libshutdown$$00000002)
    .ARM.Collect$$libshutdown$$00000004      0x08000220   Section        0  libshutdown2.o(.ARM.Collect$$libshutdown$$00000004)
    .ARM.Collect$$libshutdown$$00000007      0x08000220   Section        0  libshutdown2.o(.ARM.Collect$$libshutdown$$00000007)
    .ARM.Collect$$libshutdown$$0000000A      0x08000220   Section        0  libshutdown2.o(.ARM.Collect$$libshutdown$$0000000A)
    .ARM.Collect$$libshutdown$$0000000C      0x08000220   Section        0  libshutdown2.o(.ARM.Collect$$libshutdown$$0000000C)
    .ARM.Collect$$libshutdown$$0000000F      0x08000220   Section        0  libshutdown2.o(.ARM.Collect$$libshutdown$$0000000F)
    .ARM.Collect$$libshutdown$$00000010      0x08000220   Section        2  libshutdown2.o(.ARM.Collect$$libshutdown$$00000010)
    .ARM.Collect$$rtentry$$00000000          0x08000222   Section        0  __rtentry.o(.ARM.Collect$$rtentry$$00000000)
    .ARM.Collect$$rtentry$$00000002          0x08000222   Section        0  __rtentry2.o(.ARM.Collect$$rtentry$$00000002)
    .ARM.Collect$$rtentry$$00000004          0x08000222   Section        6  __rtentry4.o(.ARM.Collect$$rtentry$$00000004)
    .ARM.Collect$$rtentry$$00000009          0x08000228   Section        0  __rtentry2.o(.ARM.Collect$$rtentry$$00000009)
    .ARM.Collect$$rtentry$$0000000A          0x08000228   Section        4  __rtentry2.o(.ARM.Collect$$rtentry$$0000000A)
    .ARM.Collect$$rtentry$$0000000C          0x0800022c   Section        0  __rtentry2.o(.ARM.Collect$$rtentry$$0000000C)
    .ARM.Collect$$rtentry$$0000000D          0x0800022c   Section        8  __rtentry2.o(.ARM.Collect$$rtentry$$0000000D)
    .ARM.Collect$$rtexit$$00000000           0x08000234   Section        2  rtexit.o(.ARM.Collect$$rtexit$$00000000)
    .ARM.Collect$$rtexit$$00000002           0x08000236   Section        0  rtexit2.o(.ARM.Collect$$rtexit$$00000002)
    .ARM.Collect$$rtexit$$00000003           0x08000236   Section        4  rtexit2.o(.ARM.Collect$$rtexit$$00000003)
    .ARM.Collect$$rtexit$$00000004           0x0800023a   Section        6  rtexit2.o(.ARM.Collect$$rtexit$$00000004)
    .text                                    0x08000240   Section       64  startup_stm32f407xx.o(.text)
    $v0                                      0x08000240   Number         0  startup_stm32f407xx.o(.text)
    .text                                    0x08000280   Section        0  noretval__2sprintf.o(.text)
    .text                                    0x080002a8   Section        0  _printf_pad.o(.text)
    .text                                    0x080002f6   Section        0  __printf_wp.o(.text)
    .text                                    0x08000404   Section        0  heapauxi.o(.text)
    .text                                    0x0800040a   Section        0  _printf_fp_dec.o(.text)
    _fp_digits                               0x0800040d   Thumb Code   432  _printf_fp_dec.o(.text)
    .text                                    0x08000828   Section        0  _printf_char_common.o(.text)
    _printf_input_char                       0x08000829   Thumb Code    10  _printf_char_common.o(.text)
    .text                                    0x08000858   Section        0  _sputc.o(.text)
    .text                                    0x08000864   Section        8  rt_locale_intlibspace.o(.text)
    .text                                    0x0800086c   Section      138  lludiv10.o(.text)
    .text                                    0x080008f8   Section        0  _printf_fp_infnan.o(.text)
    .text                                    0x08000978   Section        0  bigflt0.o(.text)
    .text                                    0x08000a5c   Section        8  libspace.o(.text)
    .text                                    0x08000a64   Section       74  sys_stackheap_outer.o(.text)
    .text                                    0x08000aae   Section        0  exit.o(.text)
    .text                                    0x08000ac0   Section      128  strcmpv7m.o(.text)
    .text                                    0x08000b40   Section        0  sys_exit.o(.text)
    .text                                    0x08000b4c   Section        2  use_no_semi.o(.text)
    .text                                    0x08000b4e   Section        0  indicate_semi.o(.text)
    CL$$btod_d2e                             0x08000b4e   Section       62  btod.o(CL$$btod_d2e)
    CL$$btod_d2e_denorm_low                  0x08000b8c   Section       70  btod.o(CL$$btod_d2e_denorm_low)
    CL$$btod_d2e_norm_op1                    0x08000bd2   Section       96  btod.o(CL$$btod_d2e_norm_op1)
    CL$$btod_div_common                      0x08000c32   Section      824  btod.o(CL$$btod_div_common)
    CL$$btod_e2e                             0x08000f6a   Section      220  btod.o(CL$$btod_e2e)
    CL$$btod_ediv                            0x08001046   Section       42  btod.o(CL$$btod_ediv)
    CL$$btod_emul                            0x08001070   Section       42  btod.o(CL$$btod_emul)
    CL$$btod_mult_common                     0x0800109a   Section      580  btod.o(CL$$btod_mult_common)
    i.ADC_DMAConvCplt                        0x080012de   Section        0  stm32f4xx_hal_adc.o(i.ADC_DMAConvCplt)
    ADC_DMAConvCplt                          0x080012df   Thumb Code    98  stm32f4xx_hal_adc.o(i.ADC_DMAConvCplt)
    i.ADC_DMAError                           0x08001340   Section        0  stm32f4xx_hal_adc.o(i.ADC_DMAError)
    ADC_DMAError                             0x08001341   Thumb Code    22  stm32f4xx_hal_adc.o(i.ADC_DMAError)
    i.ADC_DMAHalfConvCplt                    0x08001356   Section        0  stm32f4xx_hal_adc.o(i.ADC_DMAHalfConvCplt)
    ADC_DMAHalfConvCplt                      0x08001357   Thumb Code    10  stm32f4xx_hal_adc.o(i.ADC_DMAHalfConvCplt)
    i.ADC_Init                               0x08001360   Section        0  stm32f4xx_hal_adc.o(i.ADC_Init)
    ADC_Init                                 0x08001361   Thumb Code   292  stm32f4xx_hal_adc.o(i.ADC_Init)
    i.BusFault_Handler                       0x0800148c   Section        0  stm32f4xx_it.o(i.BusFault_Handler)
    i.DMA2_Stream0_IRQHandler                0x08001490   Section        0  stm32f4xx_it.o(i.DMA2_Stream0_IRQHandler)
    i.DMA_CalcBaseAndBitshift                0x0800149c   Section        0  stm32f4xx_hal_dma.o(i.DMA_CalcBaseAndBitshift)
    DMA_CalcBaseAndBitshift                  0x0800149d   Thumb Code    34  stm32f4xx_hal_dma.o(i.DMA_CalcBaseAndBitshift)
    i.DMA_CheckFifoParam                     0x080014c4   Section        0  stm32f4xx_hal_dma.o(i.DMA_CheckFifoParam)
    DMA_CheckFifoParam                       0x080014c5   Thumb Code    84  stm32f4xx_hal_dma.o(i.DMA_CheckFifoParam)
    i.DMA_SetConfig                          0x08001518   Section        0  stm32f4xx_hal_dma.o(i.DMA_SetConfig)
    DMA_SetConfig                            0x08001519   Thumb Code    40  stm32f4xx_hal_dma.o(i.DMA_SetConfig)
    i.DebugMon_Handler                       0x08001540   Section        0  stm32f4xx_it.o(i.DebugMon_Handler)
    i.HAL_ADC_ConfigChannel                  0x08001544   Section        0  stm32f4xx_hal_adc.o(i.HAL_ADC_ConfigChannel)
    i.HAL_ADC_ConvCpltCallback               0x08001690   Section        0  stm32f4xx_hal_adc.o(i.HAL_ADC_ConvCpltCallback)
    i.HAL_ADC_ConvHalfCpltCallback           0x08001692   Section        0  stm32f4xx_hal_adc.o(i.HAL_ADC_ConvHalfCpltCallback)
    i.HAL_ADC_ErrorCallback                  0x08001694   Section        0  stm32f4xx_hal_adc.o(i.HAL_ADC_ErrorCallback)
    i.HAL_ADC_Init                           0x08001696   Section        0  stm32f4xx_hal_adc.o(i.HAL_ADC_Init)
    i.HAL_ADC_MspInit                        0x080016ec   Section        0  stm32f4xx_hal_msp.o(i.HAL_ADC_MspInit)
    i.HAL_ADC_Start_DMA                      0x080017b4   Section        0  stm32f4xx_hal_adc.o(i.HAL_ADC_Start_DMA)
    i.HAL_DMA_IRQHandler                     0x080018b8   Section        0  stm32f4xx_hal_dma.o(i.HAL_DMA_IRQHandler)
    i.HAL_DMA_Init                           0x08001a60   Section        0  stm32f4xx_hal_dma.o(i.HAL_DMA_Init)
    i.HAL_DMA_Start_IT                       0x08001b34   Section        0  stm32f4xx_hal_dma.o(i.HAL_DMA_Start_IT)
    i.HAL_Delay                              0x08001bac   Section        0  stm32f4xx_hal.o(i.HAL_Delay)
    i.HAL_GPIO_Init                          0x08001bc8   Section        0  stm32f4xx_hal_gpio.o(i.HAL_GPIO_Init)
    i.HAL_GPIO_ReadPin                       0x08001d88   Section        0  stm32f4xx_hal_gpio.o(i.HAL_GPIO_ReadPin)
    i.HAL_GPIO_WritePin                      0x08001d92   Section        0  stm32f4xx_hal_gpio.o(i.HAL_GPIO_WritePin)
    i.HAL_GetTick                            0x08001d9c   Section        0  stm32f4xx_hal.o(i.HAL_GetTick)
    i.HAL_IncTick                            0x08001da8   Section        0  stm32f4xx_hal.o(i.HAL_IncTick)
    i.HAL_Init                               0x08001db8   Section        0  stm32f4xx_hal.o(i.HAL_Init)
    i.HAL_InitTick                           0x08001dec   Section        0  stm32f4xx_hal.o(i.HAL_InitTick)
    i.HAL_MspInit                            0x08001e14   Section        0  stm32f4xx_hal_msp.o(i.HAL_MspInit)
    i.HAL_NVIC_EnableIRQ                     0x08001e6c   Section        0  stm32f4xx_hal_cortex.o(i.HAL_NVIC_EnableIRQ)
    i.HAL_NVIC_SetPriority                   0x08001e84   Section        0  stm32f4xx_hal_cortex.o(i.HAL_NVIC_SetPriority)
    i.HAL_NVIC_SetPriorityGrouping           0x08001ec4   Section        0  stm32f4xx_hal_cortex.o(i.HAL_NVIC_SetPriorityGrouping)
    i.HAL_RCC_ClockConfig                    0x08001ee8   Section        0  stm32f4xx_hal_rcc.o(i.HAL_RCC_ClockConfig)
    i.HAL_RCC_GetHCLKFreq                    0x0800205c   Section        0  stm32f4xx_hal_rcc.o(i.HAL_RCC_GetHCLKFreq)
    i.HAL_RCC_GetSysClockFreq                0x08002068   Section        0  stm32f4xx_hal_rcc.o(i.HAL_RCC_GetSysClockFreq)
    i.HAL_RCC_OscConfig                      0x080020d8   Section        0  stm32f4xx_hal_rcc.o(i.HAL_RCC_OscConfig)
    i.HAL_SYSTICK_CLKSourceConfig            0x080023ec   Section        0  stm32f4xx_hal_cortex.o(i.HAL_SYSTICK_CLKSourceConfig)
    i.HAL_SYSTICK_Callback                   0x08002404   Section        0  stm32f4xx_hal_cortex.o(i.HAL_SYSTICK_Callback)
    i.HAL_SYSTICK_Config                     0x08002406   Section        0  stm32f4xx_hal_cortex.o(i.HAL_SYSTICK_Config)
    i.HAL_SYSTICK_IRQHandler                 0x0800242e   Section        0  stm32f4xx_hal_cortex.o(i.HAL_SYSTICK_IRQHandler)
    i.HAL_TIMEx_BreakCallback                0x08002436   Section        0  stm32f4xx_hal_tim_ex.o(i.HAL_TIMEx_BreakCallback)
    i.HAL_TIMEx_CommutationCallback          0x08002438   Section        0  stm32f4xx_hal_tim_ex.o(i.HAL_TIMEx_CommutationCallback)
    i.HAL_TIMEx_MasterConfigSynchronization  0x0800243a   Section        0  stm32f4xx_hal_tim_ex.o(i.HAL_TIMEx_MasterConfigSynchronization)
    i.HAL_TIM_Base_Init                      0x0800248a   Section        0  stm32f4xx_hal_tim.o(i.HAL_TIM_Base_Init)
    i.HAL_TIM_Base_MspInit                   0x080024c0   Section        0  stm32f4xx_hal_msp.o(i.HAL_TIM_Base_MspInit)
    i.HAL_TIM_Base_Start                     0x08002550   Section        0  stm32f4xx_hal_tim.o(i.HAL_TIM_Base_Start)
    i.HAL_TIM_Base_Start_IT                  0x0800256a   Section        0  stm32f4xx_hal_tim.o(i.HAL_TIM_Base_Start_IT)
    i.HAL_TIM_ConfigClockSource              0x08002582   Section        0  stm32f4xx_hal_tim.o(i.HAL_TIM_ConfigClockSource)
    i.HAL_TIM_IC_CaptureCallback             0x08002672   Section        0  stm32f4xx_hal_tim.o(i.HAL_TIM_IC_CaptureCallback)
    i.HAL_TIM_IRQHandler                     0x08002674   Section        0  stm32f4xx_hal_tim.o(i.HAL_TIM_IRQHandler)
    i.HAL_TIM_MspPostInit                    0x080027dc   Section        0  stm32f4xx_hal_msp.o(i.HAL_TIM_MspPostInit)
    i.HAL_TIM_OC_DelayElapsedCallback        0x08002810   Section        0  stm32f4xx_hal_tim.o(i.HAL_TIM_OC_DelayElapsedCallback)
    i.HAL_TIM_PWM_ConfigChannel              0x08002812   Section        0  stm32f4xx_hal_tim.o(i.HAL_TIM_PWM_ConfigChannel)
    i.HAL_TIM_PWM_Init                       0x080028e2   Section        0  stm32f4xx_hal_tim.o(i.HAL_TIM_PWM_Init)
    i.HAL_TIM_PWM_MspInit                    0x08002918   Section        0  stm32f4xx_hal_msp.o(i.HAL_TIM_PWM_MspInit)
    i.HAL_TIM_PWM_PulseFinishedCallback      0x08002940   Section        0  stm32f4xx_hal_tim.o(i.HAL_TIM_PWM_PulseFinishedCallback)
    i.HAL_TIM_PWM_Start                      0x08002944   Section        0  stm32f4xx_hal_tim.o(i.HAL_TIM_PWM_Start)
    i.HAL_TIM_PeriodElapsedCallback          0x0800297c   Section        0  main.o(i.HAL_TIM_PeriodElapsedCallback)
    i.HAL_TIM_TriggerCallback                0x08002c04   Section        0  stm32f4xx_hal_tim.o(i.HAL_TIM_TriggerCallback)
    i.HardFault_Handler                      0x08002c06   Section        0  stm32f4xx_it.o(i.HardFault_Handler)
    i.MX_ADC1_Init                           0x08002c08   Section        0  main.o(i.MX_ADC1_Init)
    MX_ADC1_Init                             0x08002c09   Thumb Code   232  main.o(i.MX_ADC1_Init)
    i.MX_GPIO_Init                           0x08002cfc   Section        0  main.o(i.MX_GPIO_Init)
    MX_GPIO_Init                             0x08002cfd   Thumb Code   222  main.o(i.MX_GPIO_Init)
    i.MX_TIM13_Init                          0x08002df0   Section        0  main.o(i.MX_TIM13_Init)
    MX_TIM13_Init                            0x08002df1   Thumb Code    72  main.o(i.MX_TIM13_Init)
    i.MX_TIM14_Init                          0x08002e40   Section        0  main.o(i.MX_TIM14_Init)
    MX_TIM14_Init                            0x08002e41   Thumb Code    72  main.o(i.MX_TIM14_Init)
    i.MX_TIM4_Init                           0x08002e90   Section        0  main.o(i.MX_TIM4_Init)
    MX_TIM4_Init                             0x08002e91   Thumb Code    86  main.o(i.MX_TIM4_Init)
    i.MX_TIM9_Init                           0x08002ef0   Section        0  main.o(i.MX_TIM9_Init)
    MX_TIM9_Init                             0x08002ef1   Thumb Code    54  main.o(i.MX_TIM9_Init)
    i.MemManage_Handler                      0x08002f30   Section        0  stm32f4xx_it.o(i.MemManage_Handler)
    i.NMI_Handler                            0x08002f32   Section        0  stm32f4xx_it.o(i.NMI_Handler)
    i.NVIC_SetPriority                       0x08002f34   Section        0  stm32f4xx_hal_cortex.o(i.NVIC_SetPriority)
    NVIC_SetPriority                         0x08002f35   Thumb Code    32  stm32f4xx_hal_cortex.o(i.NVIC_SetPriority)
    i.PendSV_Handler                         0x08002f54   Section        0  stm32f4xx_it.o(i.PendSV_Handler)
    i.SVC_Handler                            0x08002f56   Section        0  stm32f4xx_it.o(i.SVC_Handler)
    i.SysTick_Handler                        0x08002f58   Section        0  stm32f4xx_it.o(i.SysTick_Handler)
    i.SystemClock_Config                     0x08002f68   Section        0  main.o(i.SystemClock_Config)
    i.SystemInit                             0x08003004   Section        0  system_stm32f4xx.o(i.SystemInit)
    i.TIM1_BRK_TIM9_IRQHandler               0x08003058   Section        0  stm32f4xx_it.o(i.TIM1_BRK_TIM9_IRQHandler)
    i.TIM8_TRG_COM_TIM14_IRQHandler          0x08003064   Section        0  stm32f4xx_it.o(i.TIM8_TRG_COM_TIM14_IRQHandler)
    i.TIM8_UP_TIM13_IRQHandler               0x08003070   Section        0  stm32f4xx_it.o(i.TIM8_UP_TIM13_IRQHandler)
    i.TIM_Base_SetConfig                     0x0800307c   Section        0  stm32f4xx_hal_tim.o(i.TIM_Base_SetConfig)
    i.TIM_CCxChannelCmd                      0x0800313c   Section        0  stm32f4xx_hal_tim.o(i.TIM_CCxChannelCmd)
    i.TIM_ETR_SetConfig                      0x08003152   Section        0  stm32f4xx_hal_tim.o(i.TIM_ETR_SetConfig)
    TIM_ETR_SetConfig                        0x08003153   Thumb Code    20  stm32f4xx_hal_tim.o(i.TIM_ETR_SetConfig)
    i.TIM_ITRx_SetConfig                     0x08003166   Section        0  stm32f4xx_hal_tim.o(i.TIM_ITRx_SetConfig)
    TIM_ITRx_SetConfig                       0x08003167   Thumb Code    16  stm32f4xx_hal_tim.o(i.TIM_ITRx_SetConfig)
    i.TIM_OC1_SetConfig                      0x08003178   Section        0  stm32f4xx_hal_tim.o(i.TIM_OC1_SetConfig)
    TIM_OC1_SetConfig                        0x08003179   Thumb Code    80  stm32f4xx_hal_tim.o(i.TIM_OC1_SetConfig)
    i.TIM_OC2_SetConfig                      0x080031d0   Section        0  stm32f4xx_hal_tim.o(i.TIM_OC2_SetConfig)
    i.TIM_OC3_SetConfig                      0x08003234   Section        0  stm32f4xx_hal_tim.o(i.TIM_OC3_SetConfig)
    TIM_OC3_SetConfig                        0x08003235   Thumb Code    88  stm32f4xx_hal_tim.o(i.TIM_OC3_SetConfig)
    i.TIM_OC4_SetConfig                      0x08003294   Section        0  stm32f4xx_hal_tim.o(i.TIM_OC4_SetConfig)
    TIM_OC4_SetConfig                        0x08003295   Thumb Code    70  stm32f4xx_hal_tim.o(i.TIM_OC4_SetConfig)
    i.TIM_TI1_ConfigInputStage               0x080032e4   Section        0  stm32f4xx_hal_tim.o(i.TIM_TI1_ConfigInputStage)
    TIM_TI1_ConfigInputStage                 0x080032e5   Thumb Code    34  stm32f4xx_hal_tim.o(i.TIM_TI1_ConfigInputStage)
    i.TIM_TI2_ConfigInputStage               0x08003306   Section        0  stm32f4xx_hal_tim.o(i.TIM_TI2_ConfigInputStage)
    TIM_TI2_ConfigInputStage                 0x08003307   Thumb Code    36  stm32f4xx_hal_tim.o(i.TIM_TI2_ConfigInputStage)
    i.UsageFault_Handler                     0x0800332a   Section        0  stm32f4xx_it.o(i.UsageFault_Handler)
    i._Error_Handler                         0x0800332c   Section        0  main.o(i._Error_Handler)
    i.__ARM_fpclassify                       0x0800332e   Section        0  fpclassify.o(i.__ARM_fpclassify)
    i._is_digit                              0x0800335e   Section        0  __printf_wp.o(i._is_digit)
    i.lcd_cmd                                0x0800336c   Section        0  lcd_character.o(i.lcd_cmd)
    i.lcd_data                               0x08003388   Section        0  lcd_character.o(i.lcd_data)
    i.lcd_en_clk                             0x080033a4   Section        0  lcd_character.o(i.lcd_en_clk)
    i.lcd_gotoxy                             0x080033cc   Section        0  lcd_character.o(i.lcd_gotoxy)
    i.lcd_init                               0x08003408   Section        0  lcd_character.o(i.lcd_init)
    i.lcd_ins                                0x080034ac   Section        0  lcd_character.o(i.lcd_ins)
    i.lcd_ins2                               0x080034d8   Section        0  lcd_character.o(i.lcd_ins2)
    i.lcd_puts                               0x08003504   Section        0  lcd_character.o(i.lcd_puts)
    i.lcd_reset                              0x08003518   Section        0  lcd_character.o(i.lcd_reset)
    i.main                                   0x08003584   Section        0  main.o(i.main)
    i.wait_lcd                               0x080037f0   Section        0  lcd_character.o(i.wait_lcd)
    locale$$code                             0x08003800   Section       44  lc_numeric_c.o(locale$$code)
    x$fpl$d2f                                0x0800382c   Section       98  d2f.o(x$fpl$d2f)
    $v0                                      0x0800382c   Number         0  d2f.o(x$fpl$d2f)
    x$fpl$dadd                               0x08003890   Section      336  daddsub_clz.o(x$fpl$dadd)
    $v0                                      0x08003890   Number         0  daddsub_clz.o(x$fpl$dadd)
    _dadd1                                   0x080038a1   Thumb Code     0  daddsub_clz.o(x$fpl$dadd)
    x$fpl$ddiv                               0x080039e0   Section      688  ddiv.o(x$fpl$ddiv)
    $v0                                      0x080039e0   Number         0  ddiv.o(x$fpl$ddiv)
    ddiv_entry                               0x080039e7   Thumb Code     0  ddiv.o(x$fpl$ddiv)
    x$fpl$dfltu                              0x08003c90   Section       38  dflt_clz.o(x$fpl$dfltu)
    $v0                                      0x08003c90   Number         0  dflt_clz.o(x$fpl$dfltu)
    x$fpl$dmul                               0x08003cb8   Section      340  dmul.o(x$fpl$dmul)
    $v0                                      0x08003cb8   Number         0  dmul.o(x$fpl$dmul)
    x$fpl$dnaninf                            0x08003e0c   Section      156  dnaninf.o(x$fpl$dnaninf)
    $v0                                      0x08003e0c   Number         0  dnaninf.o(x$fpl$dnaninf)
    x$fpl$dretinf                            0x08003ea8   Section       12  dretinf.o(x$fpl$dretinf)
    $v0                                      0x08003ea8   Number         0  dretinf.o(x$fpl$dretinf)
    x$fpl$drsb                               0x08003eb4   Section       22  daddsub_clz.o(x$fpl$drsb)
    $v0                                      0x08003eb4   Number         0  daddsub_clz.o(x$fpl$drsb)
    x$fpl$dsub                               0x08003ecc   Section      468  daddsub_clz.o(x$fpl$dsub)
    $v0                                      0x08003ecc   Number         0  daddsub_clz.o(x$fpl$dsub)
    _dsub1                                   0x08003edd   Thumb Code     0  daddsub_clz.o(x$fpl$dsub)
    x$fpl$f2d                                0x080040a0   Section       86  f2d.o(x$fpl$f2d)
    $v0                                      0x080040a0   Number         0  f2d.o(x$fpl$f2d)
    x$fpl$fnaninf                            0x080040f6   Section      140  fnaninf.o(x$fpl$fnaninf)
    $v0                                      0x080040f6   Number         0  fnaninf.o(x$fpl$fnaninf)
    x$fpl$fpinit                             0x08004182   Section       10  fpinit.o(x$fpl$fpinit)
    $v0                                      0x08004182   Number         0  fpinit.o(x$fpl$fpinit)
    x$fpl$fretinf                            0x0800418c   Section       10  fretinf.o(x$fpl$fretinf)
    $v0                                      0x0800418c   Number         0  fretinf.o(x$fpl$fretinf)
    x$fpl$printf1                            0x08004196   Section        4  printf1.o(x$fpl$printf1)
    $v0                                      0x08004196   Number         0  printf1.o(x$fpl$printf1)
    .constdata                               0x0800419a   Section        8  stm32f4xx_hal_dma.o(.constdata)
    x$fpl$usenofp                            0x0800419a   Section        0  usenofp.o(x$fpl$usenofp)
    flagBitshiftOffset                       0x0800419a   Data           8  stm32f4xx_hal_dma.o(.constdata)
    .constdata                               0x080041a2   Section       16  system_stm32f4xx.o(.constdata)
    .constdata                               0x080041b4   Section      148  bigflt0.o(.constdata)
    tenpwrs_x                                0x080041b4   Data          60  bigflt0.o(.constdata)
    tenpwrs_i                                0x080041f0   Data          64  bigflt0.o(.constdata)
    locale$$data                             0x08004278   Section       28  lc_numeric_c.o(locale$$data)
    __lcnum_c_name                           0x0800427c   Data           2  lc_numeric_c.o(locale$$data)
    __lcnum_c_start                          0x08004284   Data           0  lc_numeric_c.o(locale$$data)
    __lcnum_c_point                          0x08004290   Data           0  lc_numeric_c.o(locale$$data)
    __lcnum_c_thousands                      0x08004292   Data           0  lc_numeric_c.o(locale$$data)
    __lcnum_c_grouping                       0x08004293   Data           0  lc_numeric_c.o(locale$$data)
    __lcnum_c_end                            0x08004294   Data           0  lc_numeric_c.o(locale$$data)
    .data                                    0x10000000   Section      160  main.o(.data)
    .data                                    0x100000a0   Section        4  stm32f4xx_hal.o(.data)
    .data                                    0x100000a4   Section        4  system_stm32f4xx.o(.data)
    .bss                                     0x100000a8   Section       96  main.o(.bss)
    .bss                                     0x10000108   Section       96  libspace.o(.bss)
    HEAP                                     0x10000168   Section      512  startup_stm32f407xx.o(HEAP)
    Heap_Mem                                 0x10000168   Data         512  startup_stm32f407xx.o(HEAP)
    STACK                                    0x10000368   Section     1024  startup_stm32f407xx.o(STACK)
    Stack_Mem                                0x10000368   Data        1024  startup_stm32f407xx.o(STACK)
    __initial_sp                             0x10000768   Data           0  startup_stm32f407xx.o(STACK)
    .bss                                     0x20000000   Section    121136  main.o(.bss)

    Global Symbols

    Symbol Name                              Value     Ov Type        Size  Object(Section)

    BuildAttributes$$THM_ISAv4$E$P$D$K$B$S$7EM$VFPi3$EXTD16$VFPS$VFMA$PE$A:L22UL41UL21$X:L11$S22US41US21$IEEE1$IW$USESV6$~STKCKD$USESV7$~SHL$OTIME$ROPI$IEEEJ$EBA8$UX$STANDARDLIB$REQ8$PRES8$EABIv2 0x00000000   Number         0  anon$$obj.o ABSOLUTE
    __ARM_use_no_argv                        0x00000000   Number         0  main.o ABSOLUTE
    _printf_flags                            0x00000000   Number         0  printf_stubs.o ABSOLUTE
    _printf_return_value                     0x00000000   Number         0  printf_stubs.o ABSOLUTE
    _printf_sizespec                         0x00000000   Number         0  printf_stubs.o ABSOLUTE
    _printf_widthprec                        0x00000000   Number         0  printf_stubs.o ABSOLUTE
    __ARM_exceptions_init                     - Undefined Weak Reference
    __alloca_initialize                       - Undefined Weak Reference
    __arm_preinit_                            - Undefined Weak Reference
    __cpp_initialize__aeabi_                  - Undefined Weak Reference
    __cxa_finalize                            - Undefined Weak Reference
    __sigvec_lookup                           - Undefined Weak Reference
    _atexit_init                              - Undefined Weak Reference
    _call_atexit_fns                          - Undefined Weak Reference
    _clock_init                               - Undefined Weak Reference
    _fp_trap_init                             - Undefined Weak Reference
    _fp_trap_shutdown                         - Undefined Weak Reference
    _get_lc_collate                           - Undefined Weak Reference
    _get_lc_ctype                             - Undefined Weak Reference
    _get_lc_monetary                          - Undefined Weak Reference
    _get_lc_time                              - Undefined Weak Reference
    _getenv_init                              - Undefined Weak Reference
    _handle_redirection                       - Undefined Weak Reference
    _init_alloc                               - Undefined Weak Reference
    _init_user_alloc                          - Undefined Weak Reference
    _initio                                   - Undefined Weak Reference
    _rand_init                                - Undefined Weak Reference
    _signal_finish                            - Undefined Weak Reference
    _signal_init                              - Undefined Weak Reference
    _terminate_alloc                          - Undefined Weak Reference
    _terminate_user_alloc                     - Undefined Weak Reference
    _terminateio                              - Undefined Weak Reference
    __Vectors_Size                           0x00000188   Number         0  startup_stm32f407xx.o ABSOLUTE
    __Vectors                                0x08000000   Data           4  startup_stm32f407xx.o(RESET)
    __Vectors_End                            0x08000188   Data           0  startup_stm32f407xx.o(RESET)
    __main                                   0x08000189   Thumb Code     8  __main.o(!!!main)
    __scatterload                            0x08000191   Thumb Code     0  __scatter.o(!!!scatter)
    __scatterload_rt2                        0x08000191   Thumb Code    44  __scatter.o(!!!scatter)
    __scatterload_rt2_thumb_only             0x08000191   Thumb Code     0  __scatter.o(!!!scatter)
    __scatterload_null                       0x0800019f   Thumb Code     0  __scatter.o(!!!scatter)
    __scatterload_copy                       0x080001c5   Thumb Code    26  __scatter_copy.o(!!handler_copy)
    __scatterload_zeroinit                   0x080001e1   Thumb Code    28  __scatter_zi.o(!!handler_zi)
    _printf_f                                0x080001fd   Thumb Code     0  _printf_f.o(.ARM.Collect$$_printf_percent$$00000003)
    _printf_percent                          0x080001fd   Thumb Code     0  _printf_percent.o(.ARM.Collect$$_printf_percent$$00000000)
    _printf_percent_end                      0x08000203   Thumb Code     0  _printf_percent_end.o(.ARM.Collect$$_printf_percent$$00000017)
    __rt_lib_init                            0x08000207   Thumb Code     0  libinit.o(.ARM.Collect$$libinit$$00000000)
    __rt_lib_init_fp_1                       0x08000209   Thumb Code     0  libinit2.o(.ARM.Collect$$libinit$$00000001)
    __rt_lib_init_heap_1                     0x0800020d   Thumb Code     0  libinit2.o(.ARM.Collect$$libinit$$0000000A)
    __rt_lib_init_lc_common                  0x0800020d   Thumb Code     0  libinit2.o(.ARM.Collect$$libinit$$0000000F)
    __rt_lib_init_preinit_1                  0x0800020d   Thumb Code     0  libinit2.o(.ARM.Collect$$libinit$$00000004)
    __rt_lib_init_rand_1                     0x0800020d   Thumb Code     0  libinit2.o(.ARM.Collect$$libinit$$0000000E)
    __rt_lib_init_user_alloc_1               0x0800020d   Thumb Code     0  libinit2.o(.ARM.Collect$$libinit$$0000000C)
    __rt_lib_init_lc_collate_1               0x08000213   Thumb Code     0  libinit2.o(.ARM.Collect$$libinit$$00000011)
    __rt_lib_init_lc_ctype_1                 0x08000213   Thumb Code     0  libinit2.o(.ARM.Collect$$libinit$$00000013)
    __rt_lib_init_lc_monetary_1              0x08000213   Thumb Code     0  libinit2.o(.ARM.Collect$$libinit$$00000015)
    __rt_lib_init_lc_numeric_2               0x08000213   Thumb Code     0  libinit2.o(.ARM.Collect$$libinit$$00000016)
    __rt_lib_init_alloca_1                   0x0800021d   Thumb Code     0  libinit2.o(.ARM.Collect$$libinit$$0000002E)
    __rt_lib_init_argv_1                     0x0800021d   Thumb Code     0  libinit2.o(.ARM.Collect$$libinit$$0000002C)
    __rt_lib_init_atexit_1                   0x0800021d   Thumb Code     0  libinit2.o(.ARM.Collect$$libinit$$0000001B)
    __rt_lib_init_clock_1                    0x0800021d   Thumb Code     0  libinit2.o(.ARM.Collect$$libinit$$00000021)
    __rt_lib_init_cpp_1                      0x0800021d   Thumb Code     0  libinit2.o(.ARM.Collect$$libinit$$00000032)
    __rt_lib_init_exceptions_1               0x0800021d   Thumb Code     0  libinit2.o(.ARM.Collect$$libinit$$00000030)
    __rt_lib_init_fp_trap_1                  0x0800021d   Thumb Code     0  libinit2.o(.ARM.Collect$$libinit$$0000001F)
    __rt_lib_init_getenv_1                   0x0800021d   Thumb Code     0  libinit2.o(.ARM.Collect$$libinit$$00000023)
    __rt_lib_init_lc_numeric_1               0x0800021d   Thumb Code     0  libinit2.o(.ARM.Collect$$libinit$$00000017)
    __rt_lib_init_lc_time_1                  0x0800021d   Thumb Code     0  libinit2.o(.ARM.Collect$$libinit$$00000019)
    __rt_lib_init_return                     0x0800021d   Thumb Code     0  libinit2.o(.ARM.Collect$$libinit$$00000033)
    __rt_lib_init_signal_1                   0x0800021d   Thumb Code     0  libinit2.o(.ARM.Collect$$libinit$$0000001D)
    __rt_lib_init_stdio_1                    0x0800021d   Thumb Code     0  libinit2.o(.ARM.Collect$$libinit$$00000025)
    __rt_lib_shutdown                        0x0800021f   Thumb Code     0  libshutdown.o(.ARM.Collect$$libshutdown$$00000000)
    __rt_lib_shutdown_cpp_1                  0x08000221   Thumb Code     0  libshutdown2.o(.ARM.Collect$$libshutdown$$00000002)
    __rt_lib_shutdown_fp_trap_1              0x08000221   Thumb Code     0  libshutdown2.o(.ARM.Collect$$libshutdown$$00000007)
    __rt_lib_shutdown_heap_1                 0x08000221   Thumb Code     0  libshutdown2.o(.ARM.Collect$$libshutdown$$0000000F)
    __rt_lib_shutdown_return                 0x08000221   Thumb Code     0  libshutdown2.o(.ARM.Collect$$libshutdown$$00000010)
    __rt_lib_shutdown_signal_1               0x08000221   Thumb Code     0  libshutdown2.o(.ARM.Collect$$libshutdown$$0000000A)
    __rt_lib_shutdown_stdio_1                0x08000221   Thumb Code     0  libshutdown2.o(.ARM.Collect$$libshutdown$$00000004)
    __rt_lib_shutdown_user_alloc_1           0x08000221   Thumb Code     0  libshutdown2.o(.ARM.Collect$$libshutdown$$0000000C)
    __rt_entry                               0x08000223   Thumb Code     0  __rtentry.o(.ARM.Collect$$rtentry$$00000000)
    __rt_entry_presh_1                       0x08000223   Thumb Code     0  __rtentry2.o(.ARM.Collect$$rtentry$$00000002)
    __rt_entry_sh                            0x08000223   Thumb Code     0  __rtentry4.o(.ARM.Collect$$rtentry$$00000004)
    __rt_entry_li                            0x08000229   Thumb Code     0  __rtentry2.o(.ARM.Collect$$rtentry$$0000000A)
    __rt_entry_postsh_1                      0x08000229   Thumb Code     0  __rtentry2.o(.ARM.Collect$$rtentry$$00000009)
    __rt_entry_main                          0x0800022d   Thumb Code     0  __rtentry2.o(.ARM.Collect$$rtentry$$0000000D)
    __rt_entry_postli_1                      0x0800022d   Thumb Code     0  __rtentry2.o(.ARM.Collect$$rtentry$$0000000C)
    __rt_exit                                0x08000235   Thumb Code     0  rtexit.o(.ARM.Collect$$rtexit$$00000000)
    __rt_exit_ls                             0x08000237   Thumb Code     0  rtexit2.o(.ARM.Collect$$rtexit$$00000003)
    __rt_exit_prels_1                        0x08000237   Thumb Code     0  rtexit2.o(.ARM.Collect$$rtexit$$00000002)
    __rt_exit_exit                           0x0800023b   Thumb Code     0  rtexit2.o(.ARM.Collect$$rtexit$$00000004)
    Reset_Handler                            0x08000241   Thumb Code     8  startup_stm32f407xx.o(.text)
    ADC_IRQHandler                           0x0800025b   Thumb Code     0  startup_stm32f407xx.o(.text)
    CAN1_RX0_IRQHandler                      0x0800025b   Thumb Code     0  startup_stm32f407xx.o(.text)
    CAN1_RX1_IRQHandler                      0x0800025b   Thumb Code     0  startup_stm32f407xx.o(.text)
    CAN1_SCE_IRQHandler                      0x0800025b   Thumb Code     0  startup_stm32f407xx.o(.text)
    CAN1_TX_IRQHandler                       0x0800025b   Thumb Code     0  startup_stm32f407xx.o(.text)
    CAN2_RX0_IRQHandler                      0x0800025b   Thumb Code     0  startup_stm32f407xx.o(.text)
    CAN2_RX1_IRQHandler                      0x0800025b   Thumb Code     0  startup_stm32f407xx.o(.text)
    CAN2_SCE_IRQHandler                      0x0800025b   Thumb Code     0  startup_stm32f407xx.o(.text)
    CAN2_TX_IRQHandler                       0x0800025b   Thumb Code     0  startup_stm32f407xx.o(.text)
    DCMI_IRQHandler                          0x0800025b   Thumb Code     0  startup_stm32f407xx.o(.text)
    DMA1_Stream0_IRQHandler                  0x0800025b   Thumb Code     0  startup_stm32f407xx.o(.text)
    DMA1_Stream1_IRQHandler                  0x0800025b   Thumb Code     0  startup_stm32f407xx.o(.text)
    DMA1_Stream2_IRQHandler                  0x0800025b   Thumb Code     0  startup_stm32f407xx.o(.text)
    DMA1_Stream3_IRQHandler                  0x0800025b   Thumb Code     0  startup_stm32f407xx.o(.text)
    DMA1_Stream4_IRQHandler                  0x0800025b   Thumb Code     0  startup_stm32f407xx.o(.text)
    DMA1_Stream5_IRQHandler                  0x0800025b   Thumb Code     0  startup_stm32f407xx.o(.text)
    DMA1_Stream6_IRQHandler                  0x0800025b   Thumb Code     0  startup_stm32f407xx.o(.text)
    DMA1_Stream7_IRQHandler                  0x0800025b   Thumb Code     0  startup_stm32f407xx.o(.text)
    DMA2_Stream1_IRQHandler                  0x0800025b   Thumb Code     0  startup_stm32f407xx.o(.text)
    DMA2_Stream2_IRQHandler                  0x0800025b   Thumb Code     0  startup_stm32f407xx.o(.text)
    DMA2_Stream3_IRQHandler                  0x0800025b   Thumb Code     0  startup_stm32f407xx.o(.text)
    DMA2_Stream4_IRQHandler                  0x0800025b   Thumb Code     0  startup_stm32f407xx.o(.text)
    DMA2_Stream5_IRQHandler                  0x0800025b   Thumb Code     0  startup_stm32f407xx.o(.text)
    DMA2_Stream6_IRQHandler                  0x0800025b   Thumb Code     0  startup_stm32f407xx.o(.text)
    DMA2_Stream7_IRQHandler                  0x0800025b   Thumb Code     0  startup_stm32f407xx.o(.text)
    ETH_IRQHandler                           0x0800025b   Thumb Code     0  startup_stm32f407xx.o(.text)
    ETH_WKUP_IRQHandler                      0x0800025b   Thumb Code     0  startup_stm32f407xx.o(.text)
    EXTI0_IRQHandler                         0x0800025b   Thumb Code     0  startup_stm32f407xx.o(.text)
    EXTI15_10_IRQHandler                     0x0800025b   Thumb Code     0  startup_stm32f407xx.o(.text)
    EXTI1_IRQHandler                         0x0800025b   Thumb Code     0  startup_stm32f407xx.o(.text)
    EXTI2_IRQHandler                         0x0800025b   Thumb Code     0  startup_stm32f407xx.o(.text)
    EXTI3_IRQHandler                         0x0800025b   Thumb Code     0  startup_stm32f407xx.o(.text)
    EXTI4_IRQHandler                         0x0800025b   Thumb Code     0  startup_stm32f407xx.o(.text)
    EXTI9_5_IRQHandler                       0x0800025b   Thumb Code     0  startup_stm32f407xx.o(.text)
    FLASH_IRQHandler                         0x0800025b   Thumb Code     0  startup_stm32f407xx.o(.text)
    FMC_IRQHandler                           0x0800025b   Thumb Code     0  startup_stm32f407xx.o(.text)
    FPU_IRQHandler                           0x0800025b   Thumb Code     0  startup_stm32f407xx.o(.text)
    HASH_RNG_IRQHandler                      0x0800025b   Thumb Code     0  startup_stm32f407xx.o(.text)
    I2C1_ER_IRQHandler                       0x0800025b   Thumb Code     0  startup_stm32f407xx.o(.text)
    I2C1_EV_IRQHandler                       0x0800025b   Thumb Code     0  startup_stm32f407xx.o(.text)
    I2C2_ER_IRQHandler                       0x0800025b   Thumb Code     0  startup_stm32f407xx.o(.text)
    I2C2_EV_IRQHandler                       0x0800025b   Thumb Code     0  startup_stm32f407xx.o(.text)
    I2C3_ER_IRQHandler                       0x0800025b   Thumb Code     0  startup_stm32f407xx.o(.text)
    I2C3_EV_IRQHandler                       0x0800025b   Thumb Code     0  startup_stm32f407xx.o(.text)
    OTG_FS_IRQHandler                        0x0800025b   Thumb Code     0  startup_stm32f407xx.o(.text)
    OTG_FS_WKUP_IRQHandler                   0x0800025b   Thumb Code     0  startup_stm32f407xx.o(.text)
    OTG_HS_EP1_IN_IRQHandler                 0x0800025b   Thumb Code     0  startup_stm32f407xx.o(.text)
    OTG_HS_EP1_OUT_IRQHandler                0x0800025b   Thumb Code     0  startup_stm32f407xx.o(.text)
    OTG_HS_IRQHandler                        0x0800025b   Thumb Code     0  startup_stm32f407xx.o(.text)
    OTG_HS_WKUP_IRQHandler                   0x0800025b   Thumb Code     0  startup_stm32f407xx.o(.text)
    PVD_IRQHandler                           0x0800025b   Thumb Code     0  startup_stm32f407xx.o(.text)
    RCC_IRQHandler                           0x0800025b   Thumb Code     0  startup_stm32f407xx.o(.text)
    RTC_Alarm_IRQHandler                     0x0800025b   Thumb Code     0  startup_stm32f407xx.o(.text)
    RTC_WKUP_IRQHandler                      0x0800025b   Thumb Code     0  startup_stm32f407xx.o(.text)
    SDIO_IRQHandler                          0x0800025b   Thumb Code     0  startup_stm32f407xx.o(.text)
    SPI1_IRQHandler                          0x0800025b   Thumb Code     0  startup_stm32f407xx.o(.text)
    SPI2_IRQHandler                          0x0800025b   Thumb Code     0  startup_stm32f407xx.o(.text)
    SPI3_IRQHandler                          0x0800025b   Thumb Code     0  startup_stm32f407xx.o(.text)
    TAMP_STAMP_IRQHandler                    0x0800025b   Thumb Code     0  startup_stm32f407xx.o(.text)
    TIM1_CC_IRQHandler                       0x0800025b   Thumb Code     0  startup_stm32f407xx.o(.text)
    TIM1_TRG_COM_TIM11_IRQHandler            0x0800025b   Thumb Code     0  startup_stm32f407xx.o(.text)
    TIM1_UP_TIM10_IRQHandler                 0x0800025b   Thumb Code     0  startup_stm32f407xx.o(.text)
    TIM2_IRQHandler                          0x0800025b   Thumb Code     0  startup_stm32f407xx.o(.text)
    TIM3_IRQHandler                          0x0800025b   Thumb Code     0  startup_stm32f407xx.o(.text)
    TIM4_IRQHandler                          0x0800025b   Thumb Code     0  startup_stm32f407xx.o(.text)
    TIM5_IRQHandler                          0x0800025b   Thumb Code     0  startup_stm32f407xx.o(.text)
    TIM6_DAC_IRQHandler                      0x0800025b   Thumb Code     0  startup_stm32f407xx.o(.text)
    TIM7_IRQHandler                          0x0800025b   Thumb Code     0  startup_stm32f407xx.o(.text)
    TIM8_BRK_TIM12_IRQHandler                0x0800025b   Thumb Code     0  startup_stm32f407xx.o(.text)
    TIM8_CC_IRQHandler                       0x0800025b   Thumb Code     0  startup_stm32f407xx.o(.text)
    UART4_IRQHandler                         0x0800025b   Thumb Code     0  startup_stm32f407xx.o(.text)
    UART5_IRQHandler                         0x0800025b   Thumb Code     0  startup_stm32f407xx.o(.text)
    USART1_IRQHandler                        0x0800025b   Thumb Code     0  startup_stm32f407xx.o(.text)
    USART2_IRQHandler                        0x0800025b   Thumb Code     0  startup_stm32f407xx.o(.text)
    USART3_IRQHandler                        0x0800025b   Thumb Code     0  startup_stm32f407xx.o(.text)
    USART6_IRQHandler                        0x0800025b   Thumb Code     0  startup_stm32f407xx.o(.text)
    WWDG_IRQHandler                          0x0800025b   Thumb Code     0  startup_stm32f407xx.o(.text)
    __user_initial_stackheap                 0x0800025d   Thumb Code     0  startup_stm32f407xx.o(.text)
    __2sprintf                               0x08000281   Thumb Code    34  noretval__2sprintf.o(.text)
    _printf_pre_padding                      0x080002a9   Thumb Code    44  _printf_pad.o(.text)
    _printf_post_padding                     0x080002d5   Thumb Code    34  _printf_pad.o(.text)
    __printf                                 0x080002f7   Thumb Code   270  __printf_wp.o(.text)
    __use_two_region_memory                  0x08000405   Thumb Code     2  heapauxi.o(.text)
    __rt_heap_escrow$2region                 0x08000407   Thumb Code     2  heapauxi.o(.text)
    __rt_heap_expand$2region                 0x08000409   Thumb Code     2  heapauxi.o(.text)
    __lib_sel_fp_printf                      0x0800040b   Thumb Code     2  _printf_fp_dec.o(.text)
    _printf_fp_dec_real                      0x080005bd   Thumb Code   620  _printf_fp_dec.o(.text)
    _printf_char_common                      0x08000833   Thumb Code    32  _printf_char_common.o(.text)
    _sputc                                   0x08000859   Thumb Code    10  _sputc.o(.text)
    __rt_locale                              0x08000865   Thumb Code     8  rt_locale_intlibspace.o(.text)
    _ll_udiv10                               0x0800086d   Thumb Code   138  lludiv10.o(.text)
    _printf_fp_infnan                        0x080008f9   Thumb Code   112  _printf_fp_infnan.o(.text)
    _btod_etento                             0x08000979   Thumb Code   224  bigflt0.o(.text)
    __user_libspace                          0x08000a5d   Thumb Code     8  libspace.o(.text)
    __user_perproc_libspace                  0x08000a5d   Thumb Code     0  libspace.o(.text)
    __user_perthread_libspace                0x08000a5d   Thumb Code     0  libspace.o(.text)
    __user_setup_stackheap                   0x08000a65   Thumb Code    74  sys_stackheap_outer.o(.text)
    exit                                     0x08000aaf   Thumb Code    18  exit.o(.text)
    strcmp                                   0x08000ac1   Thumb Code   128  strcmpv7m.o(.text)
    _sys_exit                                0x08000b41   Thumb Code     8  sys_exit.o(.text)
    __I$use$semihosting                      0x08000b4d   Thumb Code     0  use_no_semi.o(.text)
    __use_no_semihosting_swi                 0x08000b4d   Thumb Code     2  use_no_semi.o(.text)
    __semihosting_library_function           0x08000b4f   Thumb Code     0  indicate_semi.o(.text)
    _btod_d2e                                0x08000b4f   Thumb Code    62  btod.o(CL$$btod_d2e)
    _d2e_denorm_low                          0x08000b8d   Thumb Code    70  btod.o(CL$$btod_d2e_denorm_low)
    _d2e_norm_op1                            0x08000bd3   Thumb Code    96  btod.o(CL$$btod_d2e_norm_op1)
    __btod_div_common                        0x08000c33   Thumb Code   696  btod.o(CL$$btod_div_common)
    _e2e                                     0x08000f6b   Thumb Code   220  btod.o(CL$$btod_e2e)
    _btod_ediv                               0x08001047   Thumb Code    42  btod.o(CL$$btod_ediv)
    _btod_emul                               0x08001071   Thumb Code    42  btod.o(CL$$btod_emul)
    __btod_mult_common                       0x0800109b   Thumb Code   580  btod.o(CL$$btod_mult_common)
    BusFault_Handler                         0x0800148d   Thumb Code     2  stm32f4xx_it.o(i.BusFault_Handler)
    DMA2_Stream0_IRQHandler                  0x08001491   Thumb Code     6  stm32f4xx_it.o(i.DMA2_Stream0_IRQHandler)
    DebugMon_Handler                         0x08001541   Thumb Code     2  stm32f4xx_it.o(i.DebugMon_Handler)
    HAL_ADC_ConfigChannel                    0x08001545   Thumb Code   316  stm32f4xx_hal_adc.o(i.HAL_ADC_ConfigChannel)
    HAL_ADC_ConvCpltCallback                 0x08001691   Thumb Code     2  stm32f4xx_hal_adc.o(i.HAL_ADC_ConvCpltCallback)
    HAL_ADC_ConvHalfCpltCallback             0x08001693   Thumb Code     2  stm32f4xx_hal_adc.o(i.HAL_ADC_ConvHalfCpltCallback)
    HAL_ADC_ErrorCallback                    0x08001695   Thumb Code     2  stm32f4xx_hal_adc.o(i.HAL_ADC_ErrorCallback)
    HAL_ADC_Init                             0x08001697   Thumb Code    84  stm32f4xx_hal_adc.o(i.HAL_ADC_Init)
    HAL_ADC_MspInit                          0x080016ed   Thumb Code   144  stm32f4xx_hal_msp.o(i.HAL_ADC_MspInit)
    HAL_ADC_Start_DMA                        0x080017b5   Thumb Code   230  stm32f4xx_hal_adc.o(i.HAL_ADC_Start_DMA)
    HAL_DMA_IRQHandler                       0x080018b9   Thumb Code   416  stm32f4xx_hal_dma.o(i.HAL_DMA_IRQHandler)
    HAL_DMA_Init                             0x08001a61   Thumb Code   206  stm32f4xx_hal_dma.o(i.HAL_DMA_Init)
    HAL_DMA_Start_IT                         0x08001b35   Thumb Code   120  stm32f4xx_hal_dma.o(i.HAL_DMA_Start_IT)
    HAL_Delay                                0x08001bad   Thumb Code    28  stm32f4xx_hal.o(i.HAL_Delay)
    HAL_GPIO_Init                            0x08001bc9   Thumb Code   402  stm32f4xx_hal_gpio.o(i.HAL_GPIO_Init)
    HAL_GPIO_ReadPin                         0x08001d89   Thumb Code    10  stm32f4xx_hal_gpio.o(i.HAL_GPIO_ReadPin)
    HAL_GPIO_WritePin                        0x08001d93   Thumb Code    10  stm32f4xx_hal_gpio.o(i.HAL_GPIO_WritePin)
    HAL_GetTick                              0x08001d9d   Thumb Code     6  stm32f4xx_hal.o(i.HAL_GetTick)
    HAL_IncTick                              0x08001da9   Thumb Code    10  stm32f4xx_hal.o(i.HAL_IncTick)
    HAL_Init                                 0x08001db9   Thumb Code    48  stm32f4xx_hal.o(i.HAL_Init)
    HAL_InitTick                             0x08001ded   Thumb Code    34  stm32f4xx_hal.o(i.HAL_InitTick)
    HAL_MspInit                              0x08001e15   Thumb Code    88  stm32f4xx_hal_msp.o(i.HAL_MspInit)
    HAL_NVIC_EnableIRQ                       0x08001e6d   Thumb Code    22  stm32f4xx_hal_cortex.o(i.HAL_NVIC_EnableIRQ)
    HAL_NVIC_SetPriority                     0x08001e85   Thumb Code    60  stm32f4xx_hal_cortex.o(i.HAL_NVIC_SetPriority)
    HAL_NVIC_SetPriorityGrouping             0x08001ec5   Thumb Code    26  stm32f4xx_hal_cortex.o(i.HAL_NVIC_SetPriorityGrouping)
    HAL_RCC_ClockConfig                      0x08001ee9   Thumb Code   356  stm32f4xx_hal_rcc.o(i.HAL_RCC_ClockConfig)
    HAL_RCC_GetHCLKFreq                      0x0800205d   Thumb Code     6  stm32f4xx_hal_rcc.o(i.HAL_RCC_GetHCLKFreq)
    HAL_RCC_GetSysClockFreq                  0x08002069   Thumb Code   104  stm32f4xx_hal_rcc.o(i.HAL_RCC_GetSysClockFreq)
    HAL_RCC_OscConfig                        0x080020d9   Thumb Code   766  stm32f4xx_hal_rcc.o(i.HAL_RCC_OscConfig)
    HAL_SYSTICK_CLKSourceConfig              0x080023ed   Thumb Code    24  stm32f4xx_hal_cortex.o(i.HAL_SYSTICK_CLKSourceConfig)
    HAL_SYSTICK_Callback                     0x08002405   Thumb Code     2  stm32f4xx_hal_cortex.o(i.HAL_SYSTICK_Callback)
    HAL_SYSTICK_Config                       0x08002407   Thumb Code    40  stm32f4xx_hal_cortex.o(i.HAL_SYSTICK_Config)
    HAL_SYSTICK_IRQHandler                   0x0800242f   Thumb Code     8  stm32f4xx_hal_cortex.o(i.HAL_SYSTICK_IRQHandler)
    HAL_TIMEx_BreakCallback                  0x08002437   Thumb Code     2  stm32f4xx_hal_tim_ex.o(i.HAL_TIMEx_BreakCallback)
    HAL_TIMEx_CommutationCallback            0x08002439   Thumb Code     2  stm32f4xx_hal_tim_ex.o(i.HAL_TIMEx_CommutationCallback)
    HAL_TIMEx_MasterConfigSynchronization    0x0800243b   Thumb Code    80  stm32f4xx_hal_tim_ex.o(i.HAL_TIMEx_MasterConfigSynchronization)
    HAL_TIM_Base_Init                        0x0800248b   Thumb Code    54  stm32f4xx_hal_tim.o(i.HAL_TIM_Base_Init)
    HAL_TIM_Base_MspInit                     0x080024c1   Thumb Code   126  stm32f4xx_hal_msp.o(i.HAL_TIM_Base_MspInit)
    HAL_TIM_Base_Start                       0x08002551   Thumb Code    26  stm32f4xx_hal_tim.o(i.HAL_TIM_Base_Start)
    HAL_TIM_Base_Start_IT                    0x0800256b   Thumb Code    24  stm32f4xx_hal_tim.o(i.HAL_TIM_Base_Start_IT)
    HAL_TIM_ConfigClockSource                0x08002583   Thumb Code   240  stm32f4xx_hal_tim.o(i.HAL_TIM_ConfigClockSource)
    HAL_TIM_IC_CaptureCallback               0x08002673   Thumb Code     2  stm32f4xx_hal_tim.o(i.HAL_TIM_IC_CaptureCallback)
    HAL_TIM_IRQHandler                       0x08002675   Thumb Code   358  stm32f4xx_hal_tim.o(i.HAL_TIM_IRQHandler)
    HAL_TIM_MspPostInit                      0x080027dd   Thumb Code    42  stm32f4xx_hal_msp.o(i.HAL_TIM_MspPostInit)
    HAL_TIM_OC_DelayElapsedCallback          0x08002811   Thumb Code     2  stm32f4xx_hal_tim.o(i.HAL_TIM_OC_DelayElapsedCallback)
    HAL_TIM_PWM_ConfigChannel                0x08002813   Thumb Code   208  stm32f4xx_hal_tim.o(i.HAL_TIM_PWM_ConfigChannel)
    HAL_TIM_PWM_Init                         0x080028e3   Thumb Code    54  stm32f4xx_hal_tim.o(i.HAL_TIM_PWM_Init)
    HAL_TIM_PWM_MspInit                      0x08002919   Thumb Code    30  stm32f4xx_hal_msp.o(i.HAL_TIM_PWM_MspInit)
    HAL_TIM_PWM_PulseFinishedCallback        0x08002941   Thumb Code     2  stm32f4xx_hal_tim.o(i.HAL_TIM_PWM_PulseFinishedCallback)
    HAL_TIM_PWM_Start                        0x08002945   Thumb Code    48  stm32f4xx_hal_tim.o(i.HAL_TIM_PWM_Start)
    HAL_TIM_PeriodElapsedCallback            0x0800297d   Thumb Code   578  main.o(i.HAL_TIM_PeriodElapsedCallback)
    HAL_TIM_TriggerCallback                  0x08002c05   Thumb Code     2  stm32f4xx_hal_tim.o(i.HAL_TIM_TriggerCallback)
    HardFault_Handler                        0x08002c07   Thumb Code     2  stm32f4xx_it.o(i.HardFault_Handler)
    MemManage_Handler                        0x08002f31   Thumb Code     2  stm32f4xx_it.o(i.MemManage_Handler)
    NMI_Handler                              0x08002f33   Thumb Code     2  stm32f4xx_it.o(i.NMI_Handler)
    PendSV_Handler                           0x08002f55   Thumb Code     2  stm32f4xx_it.o(i.PendSV_Handler)
    SVC_Handler                              0x08002f57   Thumb Code     2  stm32f4xx_it.o(i.SVC_Handler)
    SysTick_Handler                          0x08002f59   Thumb Code    14  stm32f4xx_it.o(i.SysTick_Handler)
    SystemClock_Config                       0x08002f69   Thumb Code   148  main.o(i.SystemClock_Config)
    SystemInit                               0x08003005   Thumb Code    66  system_stm32f4xx.o(i.SystemInit)
    TIM1_BRK_TIM9_IRQHandler                 0x08003059   Thumb Code     6  stm32f4xx_it.o(i.TIM1_BRK_TIM9_IRQHandler)
    TIM8_TRG_COM_TIM14_IRQHandler            0x08003065   Thumb Code     6  stm32f4xx_it.o(i.TIM8_TRG_COM_TIM14_IRQHandler)
    TIM8_UP_TIM13_IRQHandler                 0x08003071   Thumb Code     6  stm32f4xx_it.o(i.TIM8_UP_TIM13_IRQHandler)
    TIM_Base_SetConfig                       0x0800307d   Thumb Code   148  stm32f4xx_hal_tim.o(i.TIM_Base_SetConfig)
    TIM_CCxChannelCmd                        0x0800313d   Thumb Code    22  stm32f4xx_hal_tim.o(i.TIM_CCxChannelCmd)
    TIM_OC2_SetConfig                        0x080031d1   Thumb Code    90  stm32f4xx_hal_tim.o(i.TIM_OC2_SetConfig)
    UsageFault_Handler                       0x0800332b   Thumb Code     2  stm32f4xx_it.o(i.UsageFault_Handler)
    _Error_Handler                           0x0800332d   Thumb Code     2  main.o(i._Error_Handler)
    __ARM_fpclassify                         0x0800332f   Thumb Code    48  fpclassify.o(i.__ARM_fpclassify)
    _is_digit                                0x0800335f   Thumb Code    14  __printf_wp.o(i._is_digit)
    lcd_cmd                                  0x0800336d   Thumb Code    28  lcd_character.o(i.lcd_cmd)
    lcd_data                                 0x08003389   Thumb Code    28  lcd_character.o(i.lcd_data)
    lcd_en_clk                               0x080033a5   Thumb Code    34  lcd_character.o(i.lcd_en_clk)
    lcd_gotoxy                               0x080033cd   Thumb Code    56  lcd_character.o(i.lcd_gotoxy)
    lcd_init                                 0x08003409   Thumb Code   160  lcd_character.o(i.lcd_init)
    lcd_ins                                  0x080034ad   Thumb Code    38  lcd_character.o(i.lcd_ins)
    lcd_ins2                                 0x080034d9   Thumb Code    38  lcd_character.o(i.lcd_ins2)
    lcd_puts                                 0x08003505   Thumb Code    20  lcd_character.o(i.lcd_puts)
    lcd_reset                                0x08003519   Thumb Code   102  lcd_character.o(i.lcd_reset)
    main                                     0x08003585   Thumb Code   496  main.o(i.main)
    wait_lcd                                 0x080037f1   Thumb Code    14  lcd_character.o(i.wait_lcd)
    _get_lc_numeric                          0x08003801   Thumb Code    44  lc_numeric_c.o(locale$$code)
    __aeabi_d2f                              0x0800382d   Thumb Code     0  d2f.o(x$fpl$d2f)
    _d2f                                     0x0800382d   Thumb Code    98  d2f.o(x$fpl$d2f)
    __aeabi_dadd                             0x08003891   Thumb Code     0  daddsub_clz.o(x$fpl$dadd)
    _dadd                                    0x08003891   Thumb Code   332  daddsub_clz.o(x$fpl$dadd)
    __aeabi_ddiv                             0x080039e1   Thumb Code     0  ddiv.o(x$fpl$ddiv)
    _ddiv                                    0x080039e1   Thumb Code   552  ddiv.o(x$fpl$ddiv)
    __aeabi_ui2d                             0x08003c91   Thumb Code     0  dflt_clz.o(x$fpl$dfltu)
    _dfltu                                   0x08003c91   Thumb Code    38  dflt_clz.o(x$fpl$dfltu)
    __aeabi_dmul                             0x08003cb9   Thumb Code     0  dmul.o(x$fpl$dmul)
    _dmul                                    0x08003cb9   Thumb Code   332  dmul.o(x$fpl$dmul)
    __fpl_dnaninf                            0x08003e0d   Thumb Code   156  dnaninf.o(x$fpl$dnaninf)
    __fpl_dretinf                            0x08003ea9   Thumb Code    12  dretinf.o(x$fpl$dretinf)
    __aeabi_drsub                            0x08003eb5   Thumb Code     0  daddsub_clz.o(x$fpl$drsb)
    _drsb                                    0x08003eb5   Thumb Code    22  daddsub_clz.o(x$fpl$drsb)
    __aeabi_dsub                             0x08003ecd   Thumb Code     0  daddsub_clz.o(x$fpl$dsub)
    _dsub                                    0x08003ecd   Thumb Code   464  daddsub_clz.o(x$fpl$dsub)
    __aeabi_f2d                              0x080040a1   Thumb Code     0  f2d.o(x$fpl$f2d)
    _f2d                                     0x080040a1   Thumb Code    86  f2d.o(x$fpl$f2d)
    __fpl_fnaninf                            0x080040f7   Thumb Code   140  fnaninf.o(x$fpl$fnaninf)
    _fp_init                                 0x08004183   Thumb Code    10  fpinit.o(x$fpl$fpinit)
    __fplib_config_fpu_vfp                   0x0800418b   Thumb Code     0  fpinit.o(x$fpl$fpinit)
    __fplib_config_pureend_doubles           0x0800418b   Thumb Code     0  fpinit.o(x$fpl$fpinit)
    __fpl_fretinf                            0x0800418d   Thumb Code    10  fretinf.o(x$fpl$fretinf)
    _printf_fp_dec                           0x08004197   Thumb Code     4  printf1.o(x$fpl$printf1)
    __I$use$fp                               0x0800419a   Number         0  usenofp.o(x$fpl$usenofp)
    AHBPrescTable                            0x080041a2   Data          16  system_stm32f4xx.o(.constdata)
    Region$$Table$$Base                      0x08004248   Number         0  anon$$obj.o(Region$$Table)
    Region$$Table$$Limit                     0x08004278   Number         0  anon$$obj.o(Region$$Table)
    k                                        0x10000000   Data           4  main.o(.data)
    Vin2                                     0x10000004   Data           4  main.o(.data)
    Vin3                                     0x10000008   Data           4  main.o(.data)
    Vin4                                     0x1000000c   Data           4  main.o(.data)
    Vin5                                     0x10000010   Data           4  main.o(.data)
    Iin1                                     0x10000014   Data           4  main.o(.data)
    Iin2                                     0x10000018   Data           4  main.o(.data)
    Iin3                                     0x1000001c   Data           4  main.o(.data)
    Iin4                                     0x10000020   Data           4  main.o(.data)
    Iin5                                     0x10000024   Data           4  main.o(.data)
    B1                                       0x10000028   Data           8  main.o(.data)
    Isum1                                    0x10000030   Data           8  main.o(.data)
    Iadc1                                    0x10000038   Data           8  main.o(.data)
    B2                                       0x10000040   Data           8  main.o(.data)
    Isum2                                    0x10000048   Data           8  main.o(.data)
    Iadc2                                    0x10000050   Data           8  main.o(.data)
    B3                                       0x10000058   Data           8  main.o(.data)
    Isum3                                    0x10000060   Data           8  main.o(.data)
    Iadc3                                    0x10000068   Data           8  main.o(.data)
    B4                                       0x10000070   Data           8  main.o(.data)
    Isum4                                    0x10000078   Data           8  main.o(.data)
    Iadc4                                    0x10000080   Data           8  main.o(.data)
    B5                                       0x10000088   Data           8  main.o(.data)
    Isum5                                    0x10000090   Data           8  main.o(.data)
    Iadc5                                    0x10000098   Data           8  main.o(.data)
    uwTick                                   0x100000a0   Data           4  stm32f4xx_hal.o(.data)
    SystemCoreClock                          0x100000a4   Data           4  system_stm32f4xx.o(.data)
    hdma_adc1                                0x100000a8   Data          96  main.o(.bss)
    __libspace_start                         0x10000108   Data          96  libspace.o(.bss)
    __temporary_stack_top$libspace           0x10000168   Data           0  libspace.o(.bss)
    hadc1                                    0x20000000   Data          72  main.o(.bss)
    htim4                                    0x20000048   Data          60  main.o(.bss)
    htim9                                    0x20000084   Data          60  main.o(.bss)
    htim13                                   0x200000c0   Data          60  main.o(.bss)
    htim14                                   0x200000fc   Data          60  main.o(.bss)
    ADC_value                                0x20000138   Data          20  main.o(.bss)
    Isq1                                     0x20000150   Data       24000  main.o(.bss)
    Isq2                                     0x20005f10   Data       24000  main.o(.bss)
    Isq3                                     0x2000bcd0   Data       24000  main.o(.bss)
    Isq4                                     0x20011a90   Data       24000  main.o(.bss)
    Isq5                                     0x20017850   Data       24000  main.o(.bss)
    buffer_V_Input2                          0x2001d610   Data         200  main.o(.bss)
    buffer_V_Input3                          0x2001d6d8   Data         200  main.o(.bss)
    buffer_V_Input4                          0x2001d7a0   Data         200  main.o(.bss)
    buffer_V_Input5                          0x2001d868   Data         200  main.o(.bss)



==============================================================================

Memory Map of the image

  Image Entry point : 0x08000189

  Load Region LR_IROM1 (Base: 0x08000000, Size: 0x0000433c, Max: 0x00100000, ABSOLUTE)

    Execution Region ER_IROM1 (Exec base: 0x08000000, Load base: 0x08000000, Size: 0x00004294, Max: 0x00100000, ABSOLUTE)

    Exec Addr    Load Addr    Size         Type   Attr      Idx    E Section Name        Object

    0x08000000   0x08000000   0x00000188   Data   RO            3    RESET               startup_stm32f407xx.o
    0x08000188   0x08000188   0x00000008   Code   RO         2830  * !!!main             c_w.l(__main.o)
    0x08000190   0x08000190   0x00000034   Code   RO         3072    !!!scatter          c_w.l(__scatter.o)
    0x080001c4   0x080001c4   0x0000001a   Code   RO         3074    !!handler_copy      c_w.l(__scatter_copy.o)
    0x080001de   0x080001de   0x00000002   PAD
    0x080001e0   0x080001e0   0x0000001c   Code   RO         3076    !!handler_zi        c_w.l(__scatter_zi.o)
    0x080001fc   0x080001fc   0x00000000   Code   RO         2827    .ARM.Collect$$_printf_percent$$00000000  c_w.l(_printf_percent.o)
    0x080001fc   0x080001fc   0x00000006   Code   RO         2826    .ARM.Collect$$_printf_percent$$00000003  c_w.l(_printf_f.o)
    0x08000202   0x08000202   0x00000004   Code   RO         2863    .ARM.Collect$$_printf_percent$$00000017  c_w.l(_printf_percent_end.o)
    0x08000206   0x08000206   0x00000002   Code   RO         2945    .ARM.Collect$$libinit$$00000000  c_w.l(libinit.o)
    0x08000208   0x08000208   0x00000004   Code   RO         2946    .ARM.Collect$$libinit$$00000001  c_w.l(libinit2.o)
    0x0800020c   0x0800020c   0x00000000   Code   RO         2949    .ARM.Collect$$libinit$$00000004  c_w.l(libinit2.o)
    0x0800020c   0x0800020c   0x00000000   Code   RO         2952    .ARM.Collect$$libinit$$0000000A  c_w.l(libinit2.o)
    0x0800020c   0x0800020c   0x00000000   Code   RO         2954    .ARM.Collect$$libinit$$0000000C  c_w.l(libinit2.o)
    0x0800020c   0x0800020c   0x00000000   Code   RO         2956    .ARM.Collect$$libinit$$0000000E  c_w.l(libinit2.o)
    0x0800020c   0x0800020c   0x00000006   Code   RO         2957    .ARM.Collect$$libinit$$0000000F  c_w.l(libinit2.o)
    0x08000212   0x08000212   0x00000000   Code   RO         2959    .ARM.Collect$$libinit$$00000011  c_w.l(libinit2.o)
    0x08000212   0x08000212   0x00000000   Code   RO         2961    .ARM.Collect$$libinit$$00000013  c_w.l(libinit2.o)
    0x08000212   0x08000212   0x00000000   Code   RO         2963    .ARM.Collect$$libinit$$00000015  c_w.l(libinit2.o)
    0x08000212   0x08000212   0x0000000a   Code   RO         2964    .ARM.Collect$$libinit$$00000016  c_w.l(libinit2.o)
    0x0800021c   0x0800021c   0x00000000   Code   RO         2965    .ARM.Collect$$libinit$$00000017  c_w.l(libinit2.o)
    0x0800021c   0x0800021c   0x00000000   Code   RO         2967    .ARM.Collect$$libinit$$00000019  c_w.l(libinit2.o)
    0x0800021c   0x0800021c   0x00000000   Code   RO         2969    .ARM.Collect$$libinit$$0000001B  c_w.l(libinit2.o)
    0x0800021c   0x0800021c   0x00000000   Code   RO         2971    .ARM.Collect$$libinit$$0000001D  c_w.l(libinit2.o)
    0x0800021c   0x0800021c   0x00000000   Code   RO         2973    .ARM.Collect$$libinit$$0000001F  c_w.l(libinit2.o)
    0x0800021c   0x0800021c   0x00000000   Code   RO         2975    .ARM.Collect$$libinit$$00000021  c_w.l(libinit2.o)
    0x0800021c   0x0800021c   0x00000000   Code   RO         2977    .ARM.Collect$$libinit$$00000023  c_w.l(libinit2.o)
    0x0800021c   0x0800021c   0x00000000   Code   RO         2979    .ARM.Collect$$libinit$$00000025  c_w.l(libinit2.o)
    0x0800021c   0x0800021c   0x00000000   Code   RO         2983    .ARM.Collect$$libinit$$0000002C  c_w.l(libinit2.o)
    0x0800021c   0x0800021c   0x00000000   Code   RO         2985    .ARM.Collect$$libinit$$0000002E  c_w.l(libinit2.o)
    0x0800021c   0x0800021c   0x00000000   Code   RO         2987    .ARM.Collect$$libinit$$00000030  c_w.l(libinit2.o)
    0x0800021c   0x0800021c   0x00000000   Code   RO         2989    .ARM.Collect$$libinit$$00000032  c_w.l(libinit2.o)
    0x0800021c   0x0800021c   0x00000002   Code   RO         2990    .ARM.Collect$$libinit$$00000033  c_w.l(libinit2.o)
    0x0800021e   0x0800021e   0x00000002   Code   RO         3020    .ARM.Collect$$libshutdown$$00000000  c_w.l(libshutdown.o)
    0x08000220   0x08000220   0x00000000   Code   RO         3031    .ARM.Collect$$libshutdown$$00000002  c_w.l(libshutdown2.o)
    0x08000220   0x08000220   0x00000000   Code   RO         3033    .ARM.Collect$$libshutdown$$00000004  c_w.l(libshutdown2.o)
    0x08000220   0x08000220   0x00000000   Code   RO         3036    .ARM.Collect$$libshutdown$$00000007  c_w.l(libshutdown2.o)
    0x08000220   0x08000220   0x00000000   Code   RO         3039    .ARM.Collect$$libshutdown$$0000000A  c_w.l(libshutdown2.o)
    0x08000220   0x08000220   0x00000000   Code   RO         3041    .ARM.Collect$$libshutdown$$0000000C  c_w.l(libshutdown2.o)
    0x08000220   0x08000220   0x00000000   Code   RO         3044    .ARM.Collect$$libshutdown$$0000000F  c_w.l(libshutdown2.o)
    0x08000220   0x08000220   0x00000002   Code   RO         3045    .ARM.Collect$$libshutdown$$00000010  c_w.l(libshutdown2.o)
    0x08000222   0x08000222   0x00000000   Code   RO         2856    .ARM.Collect$$rtentry$$00000000  c_w.l(__rtentry.o)
    0x08000222   0x08000222   0x00000000   Code   RO         2874    .ARM.Collect$$rtentry$$00000002  c_w.l(__rtentry2.o)
    0x08000222   0x08000222   0x00000006   Code   RO         2886    .ARM.Collect$$rtentry$$00000004  c_w.l(__rtentry4.o)
    0x08000228   0x08000228   0x00000000   Code   RO         2876    .ARM.Collect$$rtentry$$00000009  c_w.l(__rtentry2.o)
    0x08000228   0x08000228   0x00000004   Code   RO         2877    .ARM.Collect$$rtentry$$0000000A  c_w.l(__rtentry2.o)
    0x0800022c   0x0800022c   0x00000000   Code   RO         2879    .ARM.Collect$$rtentry$$0000000C  c_w.l(__rtentry2.o)
    0x0800022c   0x0800022c   0x00000008   Code   RO         2880    .ARM.Collect$$rtentry$$0000000D  c_w.l(__rtentry2.o)
    0x08000234   0x08000234   0x00000002   Code   RO         2991    .ARM.Collect$$rtexit$$00000000  c_w.l(rtexit.o)
    0x08000236   0x08000236   0x00000000   Code   RO         2998    .ARM.Collect$$rtexit$$00000002  c_w.l(rtexit2.o)
    0x08000236   0x08000236   0x00000004   Code   RO         2999    .ARM.Collect$$rtexit$$00000003  c_w.l(rtexit2.o)
    0x0800023a   0x0800023a   0x00000006   Code   RO         3000    .ARM.Collect$$rtexit$$00000004  c_w.l(rtexit2.o)
    0x08000240   0x08000240   0x00000040   Code   RO            4    .text               startup_stm32f407xx.o
    0x08000280   0x08000280   0x00000028   Code   RO         2800    .text               c_w.l(noretval__2sprintf.o)
    0x080002a8   0x080002a8   0x0000004e   Code   RO         2804    .text               c_w.l(_printf_pad.o)
    0x080002f6   0x080002f6   0x0000010e   Code   RO         2814    .text               c_w.l(__printf_wp.o)
    0x08000404   0x08000404   0x00000006   Code   RO         2828    .text               c_w.l(heapauxi.o)
    0x0800040a   0x0800040a   0x0000041e   Code   RO         2857    .text               c_w.l(_printf_fp_dec.o)
    0x08000828   0x08000828   0x00000030   Code   RO         2859    .text               c_w.l(_printf_char_common.o)
    0x08000858   0x08000858   0x0000000a   Code   RO         2861    .text               c_w.l(_sputc.o)
    0x08000862   0x08000862   0x00000002   PAD
    0x08000864   0x08000864   0x00000008   Code   RO         2891    .text               c_w.l(rt_locale_intlibspace.o)
    0x0800086c   0x0800086c   0x0000008a   Code   RO         2893    .text               c_w.l(lludiv10.o)
    0x080008f6   0x080008f6   0x00000002   PAD
    0x080008f8   0x080008f8   0x00000080   Code   RO         2895    .text               c_w.l(_printf_fp_infnan.o)
    0x08000978   0x08000978   0x000000e4   Code   RO         2899    .text               c_w.l(bigflt0.o)
    0x08000a5c   0x08000a5c   0x00000008   Code   RO         2931    .text               c_w.l(libspace.o)
    0x08000a64   0x08000a64   0x0000004a   Code   RO         2934    .text               c_w.l(sys_stackheap_outer.o)
    0x08000aae   0x08000aae   0x00000012   Code   RO         2936    .text               c_w.l(exit.o)
    0x08000ac0   0x08000ac0   0x00000080   Code   RO         2938    .text               c_w.l(strcmpv7m.o)
    0x08000b40   0x08000b40   0x0000000c   Code   RO         3010    .text               c_w.l(sys_exit.o)
    0x08000b4c   0x08000b4c   0x00000002   Code   RO         3021    .text               c_w.l(use_no_semi.o)
    0x08000b4e   0x08000b4e   0x00000000   Code   RO         3023    .text               c_w.l(indicate_semi.o)
    0x08000b4e   0x08000b4e   0x0000003e   Code   RO         2902    CL$$btod_d2e        c_w.l(btod.o)
    0x08000b8c   0x08000b8c   0x00000046   Code   RO         2904    CL$$btod_d2e_denorm_low  c_w.l(btod.o)
    0x08000bd2   0x08000bd2   0x00000060   Code   RO         2903    CL$$btod_d2e_norm_op1  c_w.l(btod.o)
    0x08000c32   0x08000c32   0x00000338   Code   RO         2912    CL$$btod_div_common  c_w.l(btod.o)
    0x08000f6a   0x08000f6a   0x000000dc   Code   RO         2909    CL$$btod_e2e        c_w.l(btod.o)
    0x08001046   0x08001046   0x0000002a   Code   RO         2906    CL$$btod_ediv       c_w.l(btod.o)
    0x08001070   0x08001070   0x0000002a   Code   RO         2905    CL$$btod_emul       c_w.l(btod.o)
    0x0800109a   0x0800109a   0x00000244   Code   RO         2911    CL$$btod_mult_common  c_w.l(btod.o)
    0x080012de   0x080012de   0x00000062   Code   RO          601    i.ADC_DMAConvCplt   stm32f4xx_hal_adc.o
    0x08001340   0x08001340   0x00000016   Code   RO          602    i.ADC_DMAError      stm32f4xx_hal_adc.o
    0x08001356   0x08001356   0x0000000a   Code   RO          603    i.ADC_DMAHalfConvCplt  stm32f4xx_hal_adc.o
    0x08001360   0x08001360   0x0000012c   Code   RO          604    i.ADC_Init          stm32f4xx_hal_adc.o
    0x0800148c   0x0800148c   0x00000002   Code   RO          434    i.BusFault_Handler  stm32f4xx_it.o
    0x0800148e   0x0800148e   0x00000002   PAD
    0x08001490   0x08001490   0x0000000c   Code   RO          435    i.DMA2_Stream0_IRQHandler  stm32f4xx_it.o
    0x0800149c   0x0800149c   0x00000028   Code   RO         1323    i.DMA_CalcBaseAndBitshift  stm32f4xx_hal_dma.o
    0x080014c4   0x080014c4   0x00000054   Code   RO         1324    i.DMA_CheckFifoParam  stm32f4xx_hal_dma.o
    0x08001518   0x08001518   0x00000028   Code   RO         1325    i.DMA_SetConfig     stm32f4xx_hal_dma.o
    0x08001540   0x08001540   0x00000002   Code   RO          436    i.DebugMon_Handler  stm32f4xx_it.o
    0x08001542   0x08001542   0x00000002   PAD
    0x08001544   0x08001544   0x0000014c   Code   RO          606    i.HAL_ADC_ConfigChannel  stm32f4xx_hal_adc.o
    0x08001690   0x08001690   0x00000002   Code   RO          607    i.HAL_ADC_ConvCpltCallback  stm32f4xx_hal_adc.o
    0x08001692   0x08001692   0x00000002   Code   RO          608    i.HAL_ADC_ConvHalfCpltCallback  stm32f4xx_hal_adc.o
    0x08001694   0x08001694   0x00000002   Code   RO          610    i.HAL_ADC_ErrorCallback  stm32f4xx_hal_adc.o
    0x08001696   0x08001696   0x00000054   Code   RO          615    i.HAL_ADC_Init      stm32f4xx_hal_adc.o
    0x080016ea   0x080016ea   0x00000002   PAD
    0x080016ec   0x080016ec   0x000000c8   Code   RO          535    i.HAL_ADC_MspInit   stm32f4xx_hal_msp.o
    0x080017b4   0x080017b4   0x00000104   Code   RO          622    i.HAL_ADC_Start_DMA  stm32f4xx_hal_adc.o
    0x080018b8   0x080018b8   0x000001a8   Code   RO         1331    i.HAL_DMA_IRQHandler  stm32f4xx_hal_dma.o
    0x08001a60   0x08001a60   0x000000d4   Code   RO         1332    i.HAL_DMA_Init      stm32f4xx_hal_dma.o
    0x08001b34   0x08001b34   0x00000078   Code   RO         1336    i.HAL_DMA_Start_IT  stm32f4xx_hal_dma.o
    0x08001bac   0x08001bac   0x0000001c   Code   RO         1745    i.HAL_Delay         stm32f4xx_hal.o
    0x08001bc8   0x08001bc8   0x000001c0   Code   RO         1219    i.HAL_GPIO_Init     stm32f4xx_hal_gpio.o
    0x08001d88   0x08001d88   0x0000000a   Code   RO         1221    i.HAL_GPIO_ReadPin  stm32f4xx_hal_gpio.o
    0x08001d92   0x08001d92   0x0000000a   Code   RO         1223    i.HAL_GPIO_WritePin  stm32f4xx_hal_gpio.o
    0x08001d9c   0x08001d9c   0x0000000c   Code   RO         1751    i.HAL_GetTick       stm32f4xx_hal.o
    0x08001da8   0x08001da8   0x00000010   Code   RO         1753    i.HAL_IncTick       stm32f4xx_hal.o
    0x08001db8   0x08001db8   0x00000034   Code   RO         1754    i.HAL_Init          stm32f4xx_hal.o
    0x08001dec   0x08001dec   0x00000028   Code   RO         1755    i.HAL_InitTick      stm32f4xx_hal.o
    0x08001e14   0x08001e14   0x00000058   Code   RO          536    i.HAL_MspInit       stm32f4xx_hal_msp.o
    0x08001e6c   0x08001e6c   0x00000016   Code   RO         1608    i.HAL_NVIC_EnableIRQ  stm32f4xx_hal_cortex.o
    0x08001e82   0x08001e82   0x00000002   PAD
    0x08001e84   0x08001e84   0x00000040   Code   RO         1614    i.HAL_NVIC_SetPriority  stm32f4xx_hal_cortex.o
    0x08001ec4   0x08001ec4   0x00000024   Code   RO         1615    i.HAL_NVIC_SetPriorityGrouping  stm32f4xx_hal_cortex.o
    0x08001ee8   0x08001ee8   0x00000174   Code   RO          877    i.HAL_RCC_ClockConfig  stm32f4xx_hal_rcc.o
    0x0800205c   0x0800205c   0x0000000c   Code   RO          882    i.HAL_RCC_GetHCLKFreq  stm32f4xx_hal_rcc.o
    0x08002068   0x08002068   0x00000070   Code   RO          886    i.HAL_RCC_GetSysClockFreq  stm32f4xx_hal_rcc.o
    0x080020d8   0x080020d8   0x00000314   Code   RO          889    i.HAL_RCC_OscConfig  stm32f4xx_hal_rcc.o
    0x080023ec   0x080023ec   0x00000018   Code   RO         1617    i.HAL_SYSTICK_CLKSourceConfig  stm32f4xx_hal_cortex.o
    0x08002404   0x08002404   0x00000002   Code   RO         1618    i.HAL_SYSTICK_Callback  stm32f4xx_hal_cortex.o
    0x08002406   0x08002406   0x00000028   Code   RO         1619    i.HAL_SYSTICK_Config  stm32f4xx_hal_cortex.o
    0x0800242e   0x0800242e   0x00000008   Code   RO         1620    i.HAL_SYSTICK_IRQHandler  stm32f4xx_hal_cortex.o
    0x08002436   0x08002436   0x00000002   Code   RO         2522    i.HAL_TIMEx_BreakCallback  stm32f4xx_hal_tim_ex.o
    0x08002438   0x08002438   0x00000002   Code   RO         2523    i.HAL_TIMEx_CommutationCallback  stm32f4xx_hal_tim_ex.o
    0x0800243a   0x0800243a   0x00000050   Code   RO         2539    i.HAL_TIMEx_MasterConfigSynchronization  stm32f4xx_hal_tim_ex.o
    0x0800248a   0x0800248a   0x00000036   Code   RO         1893    i.HAL_TIM_Base_Init  stm32f4xx_hal_tim.o
    0x080024c0   0x080024c0   0x00000090   Code   RO          538    i.HAL_TIM_Base_MspInit  stm32f4xx_hal_msp.o
    0x08002550   0x08002550   0x0000001a   Code   RO         1896    i.HAL_TIM_Base_Start  stm32f4xx_hal_tim.o
    0x0800256a   0x0800256a   0x00000018   Code   RO         1898    i.HAL_TIM_Base_Start_IT  stm32f4xx_hal_tim.o
    0x08002582   0x08002582   0x000000f0   Code   RO         1902    i.HAL_TIM_ConfigClockSource  stm32f4xx_hal_tim.o
    0x08002672   0x08002672   0x00000002   Code   RO         1922    i.HAL_TIM_IC_CaptureCallback  stm32f4xx_hal_tim.o
    0x08002674   0x08002674   0x00000166   Code   RO         1935    i.HAL_TIM_IRQHandler  stm32f4xx_hal_tim.o
    0x080027da   0x080027da   0x00000002   PAD
    0x080027dc   0x080027dc   0x00000034   Code   RO          539    i.HAL_TIM_MspPostInit  stm32f4xx_hal_msp.o
    0x08002810   0x08002810   0x00000002   Code   RO         1938    i.HAL_TIM_OC_DelayElapsedCallback  stm32f4xx_hal_tim.o
    0x08002812   0x08002812   0x000000d0   Code   RO         1959    i.HAL_TIM_PWM_ConfigChannel  stm32f4xx_hal_tim.o
    0x080028e2   0x080028e2   0x00000036   Code   RO         1962    i.HAL_TIM_PWM_Init  stm32f4xx_hal_tim.o
    0x08002918   0x08002918   0x00000028   Code   RO          541    i.HAL_TIM_PWM_MspInit  stm32f4xx_hal_msp.o
    0x08002940   0x08002940   0x00000002   Code   RO         1965    i.HAL_TIM_PWM_PulseFinishedCallback  stm32f4xx_hal_tim.o
    0x08002942   0x08002942   0x00000002   PAD
    0x08002944   0x08002944   0x00000038   Code   RO         1966    i.HAL_TIM_PWM_Start  stm32f4xx_hal_tim.o
    0x0800297c   0x0800297c   0x00000288   Code   RO          280    i.HAL_TIM_PeriodElapsedCallback  main.o
    0x08002c04   0x08002c04   0x00000002   Code   RO         1976    i.HAL_TIM_TriggerCallback  stm32f4xx_hal_tim.o
    0x08002c06   0x08002c06   0x00000002   Code   RO          437    i.HardFault_Handler  stm32f4xx_it.o
    0x08002c08   0x08002c08   0x000000f4   Code   RO          281    i.MX_ADC1_Init      main.o
    0x08002cfc   0x08002cfc   0x000000f4   Code   RO          282    i.MX_GPIO_Init      main.o
    0x08002df0   0x08002df0   0x00000050   Code   RO          283    i.MX_TIM13_Init     main.o
    0x08002e40   0x08002e40   0x00000050   Code   RO          284    i.MX_TIM14_Init     main.o
    0x08002e90   0x08002e90   0x00000060   Code   RO          285    i.MX_TIM4_Init      main.o
    0x08002ef0   0x08002ef0   0x00000040   Code   RO          286    i.MX_TIM9_Init      main.o
    0x08002f30   0x08002f30   0x00000002   Code   RO          438    i.MemManage_Handler  stm32f4xx_it.o
    0x08002f32   0x08002f32   0x00000002   Code   RO          439    i.NMI_Handler       stm32f4xx_it.o
    0x08002f34   0x08002f34   0x00000020   Code   RO         1621    i.NVIC_SetPriority  stm32f4xx_hal_cortex.o
    0x08002f54   0x08002f54   0x00000002   Code   RO          440    i.PendSV_Handler    stm32f4xx_it.o
    0x08002f56   0x08002f56   0x00000002   Code   RO          441    i.SVC_Handler       stm32f4xx_it.o
    0x08002f58   0x08002f58   0x0000000e   Code   RO          442    i.SysTick_Handler   stm32f4xx_it.o
    0x08002f66   0x08002f66   0x00000002   PAD
    0x08002f68   0x08002f68   0x0000009c   Code   RO          287    i.SystemClock_Config  main.o
    0x08003004   0x08003004   0x00000054   Code   RO         2762    i.SystemInit        system_stm32f4xx.o
    0x08003058   0x08003058   0x0000000c   Code   RO          443    i.TIM1_BRK_TIM9_IRQHandler  stm32f4xx_it.o
    0x08003064   0x08003064   0x0000000c   Code   RO          444    i.TIM8_TRG_COM_TIM14_IRQHandler  stm32f4xx_it.o
    0x08003070   0x08003070   0x0000000c   Code   RO          445    i.TIM8_UP_TIM13_IRQHandler  stm32f4xx_it.o
    0x0800307c   0x0800307c   0x000000c0   Code   RO         1977    i.TIM_Base_SetConfig  stm32f4xx_hal_tim.o
    0x0800313c   0x0800313c   0x00000016   Code   RO         1978    i.TIM_CCxChannelCmd  stm32f4xx_hal_tim.o
    0x08003152   0x08003152   0x00000014   Code   RO         1984    i.TIM_ETR_SetConfig  stm32f4xx_hal_tim.o
    0x08003166   0x08003166   0x00000010   Code   RO         1985    i.TIM_ITRx_SetConfig  stm32f4xx_hal_tim.o
    0x08003176   0x08003176   0x00000002   PAD
    0x08003178   0x08003178   0x00000058   Code   RO         1986    i.TIM_OC1_SetConfig  stm32f4xx_hal_tim.o
    0x080031d0   0x080031d0   0x00000064   Code   RO         1987    i.TIM_OC2_SetConfig  stm32f4xx_hal_tim.o
    0x08003234   0x08003234   0x00000060   Code   RO         1988    i.TIM_OC3_SetConfig  stm32f4xx_hal_tim.o
    0x08003294   0x08003294   0x00000050   Code   RO         1989    i.TIM_OC4_SetConfig  stm32f4xx_hal_tim.o
    0x080032e4   0x080032e4   0x00000022   Code   RO         1991    i.TIM_TI1_ConfigInputStage  stm32f4xx_hal_tim.o
    0x08003306   0x08003306   0x00000024   Code   RO         1993    i.TIM_TI2_ConfigInputStage  stm32f4xx_hal_tim.o
    0x0800332a   0x0800332a   0x00000002   Code   RO          446    i.UsageFault_Handler  stm32f4xx_it.o
    0x0800332c   0x0800332c   0x00000002   Code   RO          288    i._Error_Handler    main.o
    0x0800332e   0x0800332e   0x00000030   Code   RO         2929    i.__ARM_fpclassify  m_wm.l(fpclassify.o)
    0x0800335e   0x0800335e   0x0000000e   Code   RO         2816    i._is_digit         c_w.l(__printf_wp.o)
    0x0800336c   0x0800336c   0x0000001c   Code   RO           18    i.lcd_cmd           lcd_character.o
    0x08003388   0x08003388   0x0000001c   Code   RO           19    i.lcd_data          lcd_character.o
    0x080033a4   0x080033a4   0x00000028   Code   RO           20    i.lcd_en_clk        lcd_character.o
    0x080033cc   0x080033cc   0x0000003c   Code   RO           22    i.lcd_gotoxy        lcd_character.o
    0x08003408   0x08003408   0x000000a4   Code   RO           27    i.lcd_init          lcd_character.o
    0x080034ac   0x080034ac   0x0000002c   Code   RO           28    i.lcd_ins           lcd_character.o
    0x080034d8   0x080034d8   0x0000002c   Code   RO           29    i.lcd_ins2          lcd_character.o
    0x08003504   0x08003504   0x00000014   Code   RO           32    i.lcd_puts          lcd_character.o
    0x08003518   0x08003518   0x0000006c   Code   RO           33    i.lcd_reset         lcd_character.o
    0x08003584   0x08003584   0x0000026c   Code   RO          289    i.main              main.o
    0x080037f0   0x080037f0   0x0000000e   Code   RO           38    i.wait_lcd          lcd_character.o
    0x080037fe   0x080037fe   0x00000002   PAD
    0x08003800   0x08003800   0x0000002c   Code   RO         2925    locale$$code        c_w.l(lc_numeric_c.o)
    0x0800382c   0x0800382c   0x00000062   Code   RO         2832    x$fpl$d2f           fz_wm.l(d2f.o)
    0x0800388e   0x0800388e   0x00000002   PAD
    0x08003890   0x08003890   0x00000150   Code   RO         2834    x$fpl$dadd          fz_wm.l(daddsub_clz.o)
    0x080039e0   0x080039e0   0x000002b0   Code   RO         2841    x$fpl$ddiv          fz_wm.l(ddiv.o)
    0x08003c90   0x08003c90   0x00000026   Code   RO         2844    x$fpl$dfltu         fz_wm.l(dflt_clz.o)
    0x08003cb6   0x08003cb6   0x00000002   PAD
    0x08003cb8   0x08003cb8   0x00000154   Code   RO         2850    x$fpl$dmul          fz_wm.l(dmul.o)
    0x08003e0c   0x08003e0c   0x0000009c   Code   RO         2864    x$fpl$dnaninf       fz_wm.l(dnaninf.o)
    0x08003ea8   0x08003ea8   0x0000000c   Code   RO         2866    x$fpl$dretinf       fz_wm.l(dretinf.o)
    0x08003eb4   0x08003eb4   0x00000016   Code   RO         2835    x$fpl$drsb          fz_wm.l(daddsub_clz.o)
    0x08003eca   0x08003eca   0x00000002   PAD
    0x08003ecc   0x08003ecc   0x000001d4   Code   RO         2836    x$fpl$dsub          fz_wm.l(daddsub_clz.o)
    0x080040a0   0x080040a0   0x00000056   Code   RO         2852    x$fpl$f2d           fz_wm.l(f2d.o)
    0x080040f6   0x080040f6   0x0000008c   Code   RO         2868    x$fpl$fnaninf       fz_wm.l(fnaninf.o)
    0x08004182   0x08004182   0x0000000a   Code   RO         2995    x$fpl$fpinit        fz_wm.l(fpinit.o)
    0x0800418c   0x0800418c   0x0000000a   Code   RO         2870    x$fpl$fretinf       fz_wm.l(fretinf.o)
    0x08004196   0x08004196   0x00000004   Code   RO         2854    x$fpl$printf1       fz_wm.l(printf1.o)
    0x0800419a   0x0800419a   0x00000000   Code   RO         2872    x$fpl$usenofp       fz_wm.l(usenofp.o)
    0x0800419a   0x0800419a   0x00000008   Data   RO         1338    .constdata          stm32f4xx_hal_dma.o
    0x080041a2   0x080041a2   0x00000010   Data   RO         2763    .constdata          system_stm32f4xx.o
    0x080041b2   0x080041b2   0x00000002   PAD
    0x080041b4   0x080041b4   0x00000094   Data   RO         2900    .constdata          c_w.l(bigflt0.o)
    0x08004248   0x08004248   0x00000030   Data   RO         3070    Region$$Table       anon$$obj.o
    0x08004278   0x08004278   0x0000001c   Data   RO         2924    locale$$data        c_w.l(lc_numeric_c.o)


    Execution Region RW_IRAM2 (Exec base: 0x10000000, Load base: 0x08004294, Size: 0x00000768, Max: 0x00010000, ABSOLUTE)

    Exec Addr    Load Addr    Size         Type   Attr      Idx    E Section Name        Object

    0x10000000   0x08004294   0x000000a0   Data   RW          320    .data               main.o
    0x100000a0   0x08004334   0x00000004   Data   RW         1760    .data               stm32f4xx_hal.o
    0x100000a4   0x08004338   0x00000004   Data   RW         2765    .data               system_stm32f4xx.o
    0x100000a8        -       0x00000060   Zero   RW          291    .bss                main.o
    0x10000108        -       0x00000060   Zero   RW         2932    .bss                c_w.l(libspace.o)
    0x10000168        -       0x00000200   Zero   RW            2    HEAP                startup_stm32f407xx.o
    0x10000368        -       0x00000400   Zero   RW            1    STACK               startup_stm32f407xx.o


    Execution Region RW_IRAM1 (Exec base: 0x20000000, Load base: 0x08004294, Size: 0x0001d930, Max: 0x00020000, ABSOLUTE)

    Exec Addr    Load Addr    Size         Type   Attr      Idx    E Section Name        Object

    0x20000000        -       0x0001d930   Zero   RW          290    .bss                main.o


==============================================================================

Image component sizes


      Code (inc. data)   RO Data    RW Data    ZI Data      Debug   Object Name

       550         32          0          0          0     684973   lcd_character.o
      2234        272          0        160     121232      11000   main.o
        64         26        392          0       1536        816   startup_stm32f407xx.o
       148         22          0          4          0       4239   stm32f4xx_hal.o
      1112         54          0          0          0       7109   stm32f4xx_hal_adc.o
       228         14          0          0          0      31885   stm32f4xx_hal_cortex.o
       920         20          8          0          0       5671   stm32f4xx_hal_dma.o
       468         46          0          0          0       3095   stm32f4xx_hal_gpio.o
       524         94          0          0          0       3427   stm32f4xx_hal_msp.o
      1284         52          0          0          0       4474   stm32f4xx_hal_rcc.o
      1712         88          0          0          0      16315   stm32f4xx_hal_tim.o
        84          0          0          0          0       2358   stm32f4xx_hal_tim_ex.o
        78         24          0          0          0       5690   stm32f4xx_it.o
        84         18         16          4          0       1075   system_stm32f4xx.o

    ----------------------------------------------------------------------
      9508        762        466        168     122768     782127   Object Totals
         0          0         48          0          0          0   (incl. Generated)
        18          0          2          0          0          0   (incl. Padding)

    ----------------------------------------------------------------------

      Code (inc. data)   RO Data    RW Data    ZI Data      Debug   Library Member Name

         8          0          0          0          0         68   __main.o
       284          0          0          0          0        156   __printf_wp.o
         0          0          0          0          0          0   __rtentry.o
        12          0          0          0          0          0   __rtentry2.o
         6          0          0          0          0          0   __rtentry4.o
        52          8          0          0          0          0   __scatter.o
        26          0          0          0          0          0   __scatter_copy.o
        28          0          0          0          0          0   __scatter_zi.o
        48          6          0          0          0         96   _printf_char_common.o
         6          0          0          0          0          0   _printf_f.o
      1054          0          0          0          0        216   _printf_fp_dec.o
       128         16          0          0          0         84   _printf_fp_infnan.o
        78          0          0          0          0        108   _printf_pad.o
         0          0          0          0          0          0   _printf_percent.o
         4          0          0          0          0          0   _printf_percent_end.o
        10          0          0          0          0         68   _sputc.o
       228          4        148          0          0         96   bigflt0.o
      1936        128          0          0          0        672   btod.o
        18          0          0          0          0         80   exit.o
         6          0          0          0          0        152   heapauxi.o
         0          0          0          0          0          0   indicate_semi.o
        44         10         28          0          0         76   lc_numeric_c.o
         2          0          0          0          0          0   libinit.o
        22          0          0          0          0          0   libinit2.o
         2          0          0          0          0          0   libshutdown.o
         2          0          0          0          0          0   libshutdown2.o
         8          4          0          0         96         68   libspace.o
       138          0          0          0          0         80   lludiv10.o
        40          6          0          0          0         84   noretval__2sprintf.o
         8          4          0          0          0         68   rt_locale_intlibspace.o
         2          0          0          0          0          0   rtexit.o
        10          0          0          0          0          0   rtexit2.o
       128          0          0          0          0         68   strcmpv7m.o
        12          4          0          0          0         68   sys_exit.o
        74          0          0          0          0         80   sys_stackheap_outer.o
         2          0          0          0          0         68   use_no_semi.o
        98          4          0          0          0        140   d2f.o
       826         16          0          0          0        492   daddsub_clz.o
       688        140          0          0          0        256   ddiv.o
        38          0          0          0          0        116   dflt_clz.o
       340         12          0          0          0        152   dmul.o
       156          4          0          0          0        140   dnaninf.o
        12          0          0          0          0        116   dretinf.o
        86          4          0          0          0        132   f2d.o
       140          4          0          0          0        132   fnaninf.o
        10          0          0          0          0        116   fpinit.o
        10          0          0          0          0        116   fretinf.o
         4          0          0          0          0        116   printf1.o
         0          0          0          0          0          0   usenofp.o
        48          0          0          0          0        124   fpclassify.o

    ----------------------------------------------------------------------
      6894        374        176          0         96       4604   Library Totals
        12          0          0          0          0          0   (incl. Padding)

    ----------------------------------------------------------------------

      Code (inc. data)   RO Data    RW Data    ZI Data      Debug   Library Name

      4426        190        176          0         96       2456   c_w.l
      2408        184          0          0          0       2024   fz_wm.l
        48          0          0          0          0        124   m_wm.l

    ----------------------------------------------------------------------
      6894        374        176          0         96       4604   Library Totals

    ----------------------------------------------------------------------

==============================================================================


      Code (inc. data)   RO Data    RW Data    ZI Data      Debug   

     16402       1136        642        168     122864     774831   Grand Totals
     16402       1136        642        168     122864     774831   ELF Image Totals
     16402       1136        642        168          0          0   ROM Totals

==============================================================================

    Total RO  Size (Code + RO Data)                17044 (  16.64kB)
    Total RW  Size (RW Data + ZI Data)            123032 ( 120.15kB)
    Total ROM Size (Code + RO Data + RW Data)      17212 (  16.81kB)

==============================================================================

